Aug 23 10:29:09.707322 cachyos lianli-daemon[988]:    0.000029500s  INFO lianli_daemon::pidlock: Acquired shared pidlock at /run/lianli-daemon.lock
Aug 23 10:29:09.708458 cachyos lianli-daemon[988]:    0.001176910s  INFO lianli_daemon::service: =====================================================================
Aug 23 10:29:09.708458 cachyos lianli-daemon[988]:    0.001181610s  INFO lianli_daemon::service: LIAN LI DAEMON
Aug 23 10:29:09.708458 cachyos lianli-daemon[988]:    0.001183070s  INFO lianli_daemon::service: =====================================================================
Aug 23 10:29:10.154241 cachyos lianli-daemon[988]:    0.446950821s  INFO lianli_daemon::ipc::server: IPC server listening on /run/user/958/lianli-daemon.sock
Aug 23 10:29:10.194868 cachyos lianli-daemon[988]:    0.487572918s  INFO lianli_devices::wireless::controller: Discovering master MAC address and wireless channel...
Aug 23 10:29:10.195088 cachyos lianli-daemon[988]:    0.487798718s  INFO lianli_devices::wireless::controller: Master MAC: 12:ec:76:e5:66:e4 channel=8
Aug 23 10:29:10.715532 cachyos lianli-daemon[988]:    1.008202692s  INFO lianli_devices::wireless::discovery: Discovered 5 wireless device(s) (5 bound, 0 unbound)
Aug 23 10:29:11.245855 cachyos lianli-daemon[988]:    1.538567737s  INFO lianli_devices::wireless::controller: Wireless discovery stable, proceeding with device list
Aug 23 10:29:11.245928 cachyos lianli-daemon[988]:    1.538644607s  INFO lianli_devices::wireless::convergence: wireless convergence loop started (100ms tick)
Aug 23 10:29:11.252625 cachyos lianli-daemon[988]:    1.545342718s  INFO lianli_daemon::service::init: Wireless links active
Aug 23 10:29:11.767692 cachyos lianli-daemon[988]:    2.060388661s  INFO lianli_devices::winusb::lcd::core: HydroShift II LCD Square opened: 480x480 at bus 1 addr 3 serial 660b8008768a8302w
Aug 23 10:29:11.767692 cachyos lianli-daemon[988]:    2.060405921s  INFO lianli_devices::winusb::lcd::core: Initializing LCD (480x480, quality 85)
Aug 23 10:29:13.781576 cachyos lianli-daemon[988]:    4.066318364s  WARN lianli_devices::winusb::lcd::core: Read after GetVer failed: USB error: Operation timed out
Aug 23 10:29:14.238828 cachyos lianli-daemon[988]:    4.531529159s  INFO lianli_devices::winusb::h2_aio: HydroShift II control channel opened (shared transport)
Aug 23 10:29:14.238854 cachyos lianli-daemon[988]:    4.531569369s  INFO lianli_daemon::service::init: Opened HydroShift II LCD Square as fan device: hid:660b8008768a8302w
Aug 23 10:29:14.238879 cachyos lianli-daemon[988]:    4.531598619s  INFO lianli_daemon::controllers::rgb: RGB controller: 1 wired device(s), 5 wireless device(s)
Aug 23 10:29:14.239543 cachyos lianli-daemon[988]:    4.532254439s  INFO lianli_daemon::service::init: Starting fan control: 0 curve(s), 0 group(s), wireless=true, wired=1
Aug 23 10:29:14.683501 cachyos lianli-daemon[988]:    4.976216630s  INFO lianli_daemon::thermal_alert: Thermal alert monitor started
Aug 23 10:29:14.683534 cachyos lianli-daemon[988]:    4.976253300s  INFO lianli_daemon::controllers::fan: Fan control thread started, waiting for wireless discovery...
Aug 23 10:29:14.683544 cachyos lianli-daemon[988]:    4.976258830s  INFO lianli_daemon::controllers::fan: Wireless discovery complete: 5 device(s)
Aug 23 10:29:14.683544 cachyos lianli-daemon[988]:    4.976260580s  INFO lianli_daemon::controllers::fan:   59:a1:64:88:19:e1 (Tlv2Led, 3 fans, ch=8, rx=52) — Tlv2Led, 3 fan(s)
Aug 23 10:29:14.683544 cachyos lianli-daemon[988]:    4.976264980s  INFO lianli_daemon::controllers::fan:   7b:61:f3:e5:66:e1 (Tlv2Led, 3 fans, ch=8, rx=1) — Tlv2Led, 3 fan(s)
Aug 23 10:29:14.683544 cachyos lianli-daemon[988]:    4.976266700s  INFO lianli_daemon::controllers::fan:   af:b0:57:88:19:e1 (Tlv2Led, 3 fans, ch=8, rx=8) — Tlv2Led, 3 fan(s)
Aug 23 10:29:14.683544 cachyos lianli-daemon[988]:    4.976268220s  INFO lianli_daemon::controllers::fan:   c4:54:dc:62:32:e1 (Tlv2Led, 1 fans, ch=8, rx=10) — Tlv2Led, 1 fan(s)
Aug 23 10:29:14.683585 cachyos lianli-daemon[988]:    4.976269730s  INFO lianli_daemon::controllers::fan:   f7:0b:d7:e5:66:e1 (WaterBlock2, 0 fans, pump=1702rpm, coolant=23°C, ch=8, rx=11) — WaterBlock2, 0 fan(s)
Aug 23 10:29:14.683585 cachyos lianli-daemon[988]:    4.976273230s  INFO lianli_daemon::controllers::fan: Wired fan devices: hid:660b8008768a8302w
Aug 23 10:29:14.683585 cachyos lianli-daemon[988]:    4.976275130s  INFO lianli_daemon::controllers::fan: Starting fan speed control loop (0 group(s))
Aug 23 10:29:15.184896 cachyos lianli-daemon[988]:    5.477608991s  INFO lianli_daemon::controllers::aio: AIO f7:0b:d7:e5:66:e1: wireless theme mode engaged
Aug 23 10:29:15.192464 cachyos lianli-daemon[1183]:    0.000021920s ERROR lianli_daemon::pidlock: Another lianli-daemon already holds /run/lianli-daemon.lock (pid=988). Refusing to start.
Aug 23 10:29:20.402803 cachyos lianli-daemon[1737]:    0.000025860s ERROR lianli_daemon::pidlock: Another lianli-daemon already holds /run/lianli-daemon.lock (pid=988). Refusing to start.
Aug 23 10:29:25.650914 cachyos lianli-daemon[2030]:    0.000028850s ERROR lianli_daemon::pidlock: Another lianli-daemon already holds /run/lianli-daemon.lock (pid=988). Refusing to start.
Aug 23 10:29:30.136684 cachyos lianli-daemon[988]:   20.429382987s  INFO lianli_daemon::service: received signal 15, shutting down
Aug 23 10:29:30.136684 cachyos lianli-daemon[988]:   20.429400707s  INFO lianli_daemon::service::shutdown: shutdown: begin
Aug 23 10:29:30.136684 cachyos lianli-daemon[988]:   20.429410037s  INFO lianli_daemon::service::shutdown: shutdown step 'desktop_displays' done at 11.43µs
Aug 23 10:29:30.136684 cachyos lianli-daemon[988]:   20.429413247s  INFO lianli_daemon::service::shutdown: shutdown step 'targets' done at 14.7µs
Aug 23 10:29:30.167083 cachyos lianli-daemon[988]:   20.459794582s  INFO lianli_daemon::controllers::fan: Fan control thread stopped
Aug 23 10:29:30.484145 cachyos lianli-daemon[988]:   20.776838083s  WARN lianli_devices::wireless::transport: RX transport op failed (sending GetDev command); attempting reopen
Aug 23 10:29:30.484170 cachyos lianli-daemon[988]:   20.776870673s  INFO lianli_devices::wireless::controller: RX polling (1): reopen after stale handle
Aug 23 10:29:30.484170 cachyos lianli-daemon[988]: Caused by:
Aug 23 10:29:30.484170 cachyos lianli-daemon[988]:     0: reopening RX dongle
Aug 23 10:29:30.484170 cachyos lianli-daemon[988]:     1: device 1a86:e305 not found, continuing
Aug 23 10:29:30.685696 cachyos lianli-daemon[988]:   20.978412316s  INFO lianli_daemon::service::shutdown: shutdown step 'controllers' done at 549.012699ms
Aug 23 10:29:30.685728 cachyos lianli-daemon[988]:   20.978449166s  INFO lianli_daemon::service::shutdown: shutdown step 'registry' done at 549.050569ms
Aug 23 10:29:30.740183 cachyos lianli-daemon[2298]:    0.000021950s ERROR lianli_daemon::pidlock: Another lianli-daemon already holds /run/lianli-daemon.lock (pid=988). Refusing to start.
Aug 23 10:29:32.484297 cachyos lianli-daemon[988]:   22.777005985s  INFO lianli_daemon::service::shutdown: shutdown step 'wireless' done at 2.347605418s
Aug 23 10:29:32.484297 cachyos lianli-daemon[988]:   22.777020815s  INFO lianli_daemon::service::shutdown: shutdown step 'openrgb' done at 2.347622138s
Aug 23 10:29:32.486921 cachyos lianli-daemon[988]:   22.779639106s  INFO lianli_daemon::ipc::server: IPC server stopped
Aug 23 10:29:32.486961 cachyos lianli-daemon[988]:   22.779677656s  INFO lianli_daemon::service::shutdown: shutdown step 'ipc' done at 2.350278629s
Aug 23 10:29:32.486976 cachyos lianli-daemon[988]:   22.779686916s  INFO lianli_daemon::service::shutdown: Daemon shutdown complete in 2.350288249s
Aug 23 10:29:37.344477 cachyos lianli-daemon[2428]:    0.000036560s  INFO lianli_daemon::pidlock: Acquired shared pidlock at /run/lianli-daemon.lock
Aug 23 10:29:37.353244 cachyos lianli-daemon[2428]:    0.008807022s  INFO lianli_daemon::service: =====================================================================
Aug 23 10:29:37.353244 cachyos lianli-daemon[2428]:    0.008813682s  INFO lianli_daemon::service: LIAN LI DAEMON
Aug 23 10:29:37.353244 cachyos lianli-daemon[2428]:    0.008815282s  INFO lianli_daemon::service: =====================================================================
Aug 23 10:29:38.633131 cachyos lianli-daemon[2428]:    1.288684878s  INFO lianli_daemon::service::media: Prepared custom template for LCD[serial:hid:660b8008768a8302w]: user-19fc3b7f2fc
Aug 23 10:29:38.633345 cachyos lianli-daemon[2428]:    1.288803128s DEBUG lianli_transport::usb: Endpoint types: IN=0x81 bulk, OUT=0x01 bulk
Aug 23 10:29:38.633345 cachyos lianli-daemon[2428]:    1.288848738s  INFO lianli_daemon::ipc::server: IPC server listening on /run/user/1000/lianli-daemon.sock
Aug 23 10:29:38.650469 cachyos lianli-daemon[2428]:    1.306036160s DEBUG lianli_transport::usb: Endpoint types: IN=0x81 bulk, OUT=0x01 bulk
Aug 23 10:29:38.672992 cachyos lianli-daemon[2428]:    1.328555874s  INFO lianli_devices::wireless::controller: Discovering master MAC address and wireless channel...
Aug 23 10:29:39.173811 cachyos lianli-daemon[2428]:    1.829375275s  INFO lianli_devices::wireless::controller: Master MAC: 12:ec:76:e5:66:e4 channel=2
Aug 23 10:29:40.324690 cachyos lianli-daemon[2428]:    2.980247880s  INFO lianli_devices::wireless::controller: Wireless discovery stable, proceeding with device list
Aug 23 10:29:40.324854 cachyos lianli-daemon[2428]:    2.980362220s  INFO lianli_devices::wireless::convergence: wireless convergence loop started (100ms tick)
Aug 23 10:29:40.331559 cachyos lianli-daemon[2428]:    2.987121951s  INFO lianli_daemon::service::init: Wireless links active
Aug 23 10:29:40.332072 cachyos lianli-daemon[2428]:    2.987636641s DEBUG lianli_daemon::service::init: Spawned open thread for HydroShift II LCD Square (1cbe:a034)
Aug 23 10:29:40.332192 cachyos lianli-daemon[2428]:    2.987755681s DEBUG lianli_devices::winusb::lcd::core: using kernel-cached serial 660b8008768a8302w
Aug 23 10:29:40.332210 cachyos lianli-daemon[2428]:    2.987774381s DEBUG lianli_transport::usb: Endpoint types: IN=0x81 bulk, OUT=0x01 bulk
Aug 23 10:29:40.345710 cachyos lianli-daemon[2428]:    3.001277673s  INFO lianli_devices::winusb::lcd::core: HydroShift II LCD Square opened: 480x480 at bus 1 addr 3 serial 660b8008768a8302w
Aug 23 10:29:40.345719 cachyos lianli-daemon[2428]:    3.001283093s  INFO lianli_devices::winusb::lcd::core: Initializing LCD (480x480, quality 85)
Aug 23 10:29:40.826376 cachyos lianli-daemon[2428]:    3.481934601s  INFO lianli_devices::wireless::discovery: Discovered 5 wireless device(s) (5 bound, 0 unbound)
Aug 23 10:29:42.351480 cachyos lianli-daemon[2428]:    5.007036956s  WARN lianli_devices::winusb::lcd::core: Read after GetVer failed: USB error: Operation timed out
Aug 23 10:29:42.357122 cachyos lianli-daemon[2428]:    5.012687187s DEBUG lianli_devices::winusb::lcd::core: Response for frame rate (512 bytes): [0f, c8, db, 07, 00, 00, 00, 00, 00, 00, 00, 00, 00, 00, 00, 00, 00, 00, 00, 00, 00, 00, 00, 00, 00, 00, 00, 00, 00, 00, 00, 00]
Aug 23 10:29:42.357158 cachyos lianli-daemon[2428]:    5.012726197s DEBUG lianli_devices::winusb::lcd::core: Set frame rate to 30
Aug 23 10:29:42.357388 cachyos lianli-daemon[2428]:    5.012955887s DEBUG lianli_devices::winusb::lcd::core: Response for SyncClock (512 bytes): [33, c8, dc, 07, 00, 00, 00, 00, 00, 00, 00, 00, 00, 00, 00, 00, 00, 00, 00, 00, 00, 00, 00, 00, 00, 00, 00, 00, 00, 00, 00, 00]
Aug 23 10:29:42.357636 cachyos lianli-daemon[2428]:    5.013203737s DEBUG lianli_devices::winusb::lcd::core: Response for StopClock (512 bytes): [34, c8, dd, 07, 00, 00, 00, 00, 00, 00, 00, 00, 00, 00, 00, 00, 00, 00, 00, 00, 00, 00, 00, 00, 00, 00, 00, 00, 00, 00, 00, 00]
Aug 23 10:29:42.808347 cachyos lianli-daemon[2428]:    5.463861700s DEBUG lianli_devices::winusb::h2_aio: H2 control channel: wake preamble sent
Aug 23 10:29:42.808347 cachyos lianli-daemon[2428]:    5.463874880s  INFO lianli_devices::winusb::h2_aio: HydroShift II control channel opened (shared transport)
Aug 23 10:29:42.808347 cachyos lianli-daemon[2428]:    5.463893940s  INFO lianli_daemon::service::init: Opened HydroShift II LCD Square as fan device: hid:660b8008768a8302w
Aug 23 10:29:42.808347 cachyos lianli-daemon[2428]:    5.463921270s  INFO lianli_daemon::controllers::rgb: RGB controller: 1 wired device(s), 5 wireless device(s)
Aug 23 10:29:42.808937 cachyos lianli-daemon[2428]:    5.464504220s  INFO lianli_daemon::service::init: Starting fan control: 2 curve(s), 4 group(s), wireless=true, wired=1
Aug 23 10:29:42.808964 cachyos lianli-daemon[2428]:    5.464525670s  INFO lianli_daemon::openrgb_server: OpenRGB SDK server listening on port 6743
Aug 23 10:29:43.252185 cachyos lianli-daemon[2428]:    5.907744701s  INFO lianli_daemon::controllers::fan: Fan control thread started, waiting for wireless discovery...
Aug 23 10:29:43.252185 cachyos lianli-daemon[2428]:    5.907756271s  INFO lianli_daemon::controllers::fan: Wireless discovery complete: 5 device(s)
Aug 23 10:29:43.252185 cachyos lianli-daemon[2428]:    5.907758431s  INFO lianli_daemon::controllers::fan:   59:a1:64:88:19:e1 (Tlv2Led, 3 fans, ch=8, rx=52) — Tlv2Led, 3 fan(s)
Aug 23 10:29:43.252259 cachyos lianli-daemon[2428]:    5.907762661s  INFO lianli_daemon::controllers::fan:   7b:61:f3:e5:66:e1 (Tlv2Led, 3 fans, ch=8, rx=1) — Tlv2Led, 3 fan(s)
Aug 23 10:29:43.252259 cachyos lianli-daemon[2428]:    5.907764491s  INFO lianli_daemon::controllers::fan:   af:b0:57:88:19:e1 (Tlv2Led, 3 fans, ch=8, rx=8) — Tlv2Led, 3 fan(s)
Aug 23 10:29:43.252259 cachyos lianli-daemon[2428]:    5.907765931s  INFO lianli_daemon::controllers::fan:   c4:54:dc:62:32:e1 (Tlv2Led, 1 fans, ch=8, rx=10) — Tlv2Led, 1 fan(s)
Aug 23 10:29:43.252259 cachyos lianli-daemon[2428]:    5.907767521s  INFO lianli_daemon::controllers::fan:   f7:0b:d7:e5:66:e1 (WaterBlock2, 0 fans, pump=2513rpm, coolant=23°C, ch=8, rx=11) — WaterBlock2, 0 fan(s)
Aug 23 10:29:43.252259 cachyos lianli-daemon[2428]:    5.907771691s  INFO lianli_daemon::controllers::fan: Wired fan devices: hid:660b8008768a8302w
Aug 23 10:29:43.252259 cachyos lianli-daemon[2428]:    5.907775041s  INFO lianli_daemon::controllers::fan: Starting fan speed control loop (4 group(s))
Aug 23 10:29:43.253988 cachyos lianli-daemon[2428]:    5.909547151s DEBUG lianli_daemon::service::media: LCD candidate: HydroShift II LCD Square (1cbe:a034) id=hid:660b8008768a8302w (USB bulk)
Aug 23 10:29:43.254039 cachyos lianli-daemon[2428]:    5.909604511s  INFO lianli_daemon::service::media: [devices] LCD[serial:hid:660b8008768a8302w] attached (serial: hid:660b8008768a8302w, orientation: 0°)
Aug 23 10:29:43.258075 cachyos lianli-daemon[2428]:    5.913639282s  WARN lianli_daemon::controllers::fan: Fan speed calculation failed for group 0: no valid temperature readings yet
Aug 23 10:29:43.258083 cachyos lianli-daemon[2428]:    5.913647912s  WARN lianli_daemon::controllers::fan: Fan speed calculation failed for group 1: no valid temperature readings yet
Aug 23 10:29:43.258098 cachyos lianli-daemon[2428]:    5.913663422s  INFO lianli_daemon::thermal_alert: Thermal alert monitor started
Aug 23 10:29:43.261876 cachyos lianli-daemon[2428]:    5.917439843s DEBUG lianli_media::video::h264_live: live h264 ffmpeg args: -loglevel error -f rawvideo -pix_fmt rgba -s 480x480 -r 30 -i pipe:0 -r 30 -c:v libx264 -preset ultrafast -tune zerolatency -threads 1 -x264-params slices=1 -pix_fmt yuv420p -color_range pc -an -f h264 pipe:1
Aug 23 10:29:43.268680 cachyos lianli-daemon[2428]:    5.924243194s  WARN lianli_daemon::controllers::fan: Fan speed calculation failed for group 3: no valid temperature readings yet
Aug 23 10:29:43.359588 cachyos lianli-daemon[2428]:    6.015149828s  INFO lianli_daemon::openrgb_server: OpenRGB client connected from 127.0.0.1:52812
Aug 23 10:29:43.359588 cachyos lianli-daemon[2428]:    6.015160068s  INFO lianli_daemon::controllers::rgb: OpenRGB client connected — suppressing native RGB
Aug 23 10:29:43.361586 cachyos lianli-daemon[2428]:    6.017150519s  INFO lianli_daemon::openrgb_server: OpenRGB client name: 'OpenRGB 0.9+ (1.0rc3)'
Aug 23 10:29:43.462418 cachyos lianli-daemon[2428]:    6.117980225s DEBUG lianli_media::video::h264_live: F_SETPIPE_SZ 4194304 failed: Operation not permitted (os error 1); pipe will use default size
Aug 23 10:29:43.462418 cachyos lianli-daemon[2428]:    6.117989765s DEBUG lianli_media::video::h264_live: F_SETPIPE_SZ 4194304 failed: Operation not permitted (os error 1); pipe will use default size
Aug 23 10:29:43.757589 cachyos lianli-daemon[2428]:    6.413152062s  INFO lianli_daemon::controllers::aio: AIO f7:0b:d7:e5:66:e1: wireless theme mode engaged
Aug 23 10:29:43.762351 cachyos lianli-daemon[2428]:    6.417917863s DEBUG lianli_devices::winusb::h2_aio: H2: SyncPumpFan pump_pwm=797 fans=[128, 128, 128]
Aug 23 10:29:45.464923 cachyos lianli-daemon[2428]:    8.120476347s  INFO lianli_media::video::h264_live: live H.264 encoder: 480x480@30fps via libx264
Aug 23 10:29:45.465117 cachyos lianli-daemon[2428]:    8.120500847s  INFO lianli_devices::winusb::lcd::core: Initializing LCD (480x480, quality 85)
Aug 23 10:29:45.465117 cachyos lianli-daemon[2428]:    8.120534927s  INFO lianli_daemon::service::runtime: Custom mode using live h264 pipeline
Aug 23 10:29:45.465225 cachyos lianli-daemon[2428]:    8.120791127s DEBUG lianli_daemon::service: OpenRGB server active — resyncing last direct-color frame instead of native effect
Aug 23 10:29:45.465294 cachyos lianli-daemon[2428]:    8.120859297s DEBUG lianli_devices::winusb::lcd::core: No response for GetVer (timeout)
Aug 23 10:29:45.465850 cachyos lianli-daemon[2428]:    8.121411017s DEBUG lianli_devices::winusb::lcd::core: Response for frame rate (512 bytes): [0a, c8, a3, 08, 00, 00, 00, 00, 6c, 69, 61, 6e, 6c, 69, 68, 32, 73, 5f, 30, 30, 30, 31, 5f, 30, 30, 32, 37, 00, 00, 00, 00, 00]
Aug 23 10:29:45.465895 cachyos lianli-daemon[2428]:    8.121459787s DEBUG lianli_devices::winusb::lcd::core: Set frame rate to 30
Aug 23 10:29:45.465944 cachyos lianli-daemon[2428]:    8.121512787s DEBUG lianli_daemon::service::media: LCD candidate: HydroShift II LCD Square (1cbe:a034) id=hid:660b8008768a8302w (USB bulk)
Aug 23 10:29:45.465976 cachyos lianli-daemon[2428]:    8.121545047s  INFO lianli_daemon::service: Wireless device count changed (0 -> 5), rebuilding RGB controller
Aug 23 10:29:45.466007 cachyos lianli-daemon[2428]:    8.121566847s DEBUG lianli_devices::winusb::lcd::core: Response for SyncClock (512 bytes): [0f, c8, a4, 08, 00, 00, 00, 00, 00, 00, 00, 00, 00, 00, 00, 00, 00, 00, 00, 00, 00, 00, 00, 00, 00, 00, 00, 00, 00, 00, 00, 00]
Aug 23 10:29:45.466125 cachyos lianli-daemon[2428]:    8.121692107s DEBUG lianli_devices::winusb::lcd::core: Response for StopClock (512 bytes): [33, c8, a5, 08, 00, 00, 00, 00, 00, 00, 00, 00, 00, 00, 00, 00, 00, 00, 00, 00, 00, 00, 00, 00, 00, 00, 00, 00, 00, 00, 00, 00]
Aug 23 10:29:45.466238 cachyos lianli-daemon[2428]:    8.121806897s DEBUG lianli_devices::winusb::lcd::core: Response for frame rate (512 bytes): [34, c8, a6, 08, 00, 00, 00, 00, 00, 00, 00, 00, 00, 00, 00, 00, 00, 00, 00, 00, 00, 00, 00, 00, 00, 00, 00, 00, 00, 00, 00, 00]
Aug 23 10:29:45.466279 cachyos lianli-daemon[2428]:    8.121847667s DEBUG lianli_devices::winusb::lcd::core: Set frame rate to 30
Aug 23 10:29:45.466438 cachyos lianli-daemon[2428]:    8.122006257s DEBUG lianli_devices::winusb::lcd::core: Response for h264 chunk (512 bytes): [0f, c8, a7, 08, 00, 00, 00, 00, 00, 00, 00, 00, 00, 00, 00, 00, 00, 00, 00, 00, 00, 00, 00, 00, 00, 00, 00, 00, 00, 00, 00, 00]
Aug 23 10:29:45.500968 cachyos lianli-daemon[2428]:    8.156533773s DEBUG lianli_devices::winusb::lcd::core: Response for h264 chunk (512 bytes): [79, c8, a8, 08, 00, 00, 00, 00, 04, 00, 00, 00, 00, 00, 00, 00, 00, 00, 00, 00, 00, 00, 00, 00, 00, 00, 00, 00, 00, 00, 00, 00]
Aug 23 10:29:45.767922 cachyos lianli-daemon[2428]:    8.423443116s DEBUG lianli_daemon::service::media: LCD candidate: HydroShift II LCD Square (1cbe:a034) id=hid:660b8008768a8302w (USB bulk)
Aug 23 10:29:45.803168 cachyos lianli-daemon[2428]:    8.458730092s DEBUG lianli_devices::winusb::lcd::core: Buffer wait aborted (no response)
Aug 23 10:29:45.805017 cachyos lianli-daemon[2428]:    8.460583292s DEBUG lianli_devices::winusb::lcd::core: Response for h264 chunk (512 bytes): [7a, c8, f4, 09, 00, 00, 00, 00, 05, 00, 00, 00, 00, 00, 00, 00, 00, 00, 00, 00, 00, 00, 00, 00, 00, 00, 00, 00, 00, 00, 00, 00]
Aug 23 10:29:46.253061 cachyos lianli-daemon[2428]:    8.908617064s DEBUG lianli_daemon::service::media: LCD candidate: HydroShift II LCD Square (1cbe:a034) id=hid:660b8008768a8302w (USB bulk)
Aug 23 10:29:46.259570 cachyos lianli-daemon[2428]:    8.915135135s DEBUG lianli_devices::winusb::lcd::core: Buffer wait aborted (no response)
Aug 23 10:29:46.261251 cachyos lianli-daemon[2428]:    8.916817825s DEBUG lianli_devices::winusb::lcd::core: Response for h264 chunk (512 bytes): [7a, c8, bd, 0b, 00, 00, 00, 00, 05, 00, 00, 00, 00, 00, 00, 00, 00, 00, 00, 00, 00, 00, 00, 00, 00, 00, 00, 00, 00, 00, 00, 00]
Aug 23 10:29:46.267098 cachyos lianli-daemon[2428]:    8.922662426s  INFO lianli_daemon::controllers::aio: AIO f7:0b:d7:e5:66:e1: wireless theme mode engaged
Aug 23 10:29:47.253246 cachyos lianli-daemon[2428]:    9.908804405s DEBUG lianli_daemon::service::media: LCD candidate: HydroShift II LCD Square (1cbe:a034) id=hid:660b8008768a8302w (USB bulk)
Aug 23 10:29:47.265629 cachyos lianli-daemon[2428]:    9.921192427s DEBUG lianli_devices::winusb::lcd::core: Buffer wait aborted (no response)
Aug 23 10:29:47.267606 cachyos lianli-daemon[2428]:    9.923171717s DEBUG lianli_devices::winusb::lcd::core: Response for h264 chunk (512 bytes): [7a, c8, ab, 0f, 00, 00, 00, 00, 06, 00, 00, 00, 00, 00, 00, 00, 00, 00, 00, 00, 00, 00, 00, 00, 00, 00, 00, 00, 00, 00, 00, 00]
Aug 23 10:29:48.253266 cachyos lianli-daemon[2428]:   10.908815446s DEBUG lianli_daemon::service::media: LCD candidate: HydroShift II LCD Square (1cbe:a034) id=hid:660b8008768a8302w (USB bulk)
Aug 23 10:29:48.271931 cachyos lianli-daemon[2428]:   10.927481609s DEBUG lianli_devices::winusb::lcd::core: Buffer wait aborted (no response)
Aug 23 10:29:48.273495 cachyos lianli-daemon[2428]:   10.929048379s DEBUG lianli_devices::winusb::lcd::core: Response for h264 chunk (512 bytes): [7a, c8, 99, 13, 00, 00, 00, 00, 07, 00, 00, 00, 00, 00, 00, 00, 00, 00, 00, 00, 00, 00, 00, 00, 00, 00, 00, 00, 00, 00, 00, 00]
Aug 23 10:29:48.281120 cachyos lianli-daemon[2428]:   10.936682950s DEBUG lianli_devices::winusb::h2_aio: H2: SyncPumpFan pump_pwm=797 fans=[128, 128, 128]
Aug 23 10:29:48.324453 cachyos lianli-daemon[2428]:   10.980021947s DEBUG lianli_devices::winusb::lcd::core: Buffer wait aborted (no response)
Aug 23 10:29:48.326702 cachyos lianli-daemon[2428]:   10.982269668s DEBUG lianli_devices::winusb::lcd::core: Response for h264 chunk (512 bytes): [79, c8, cf, 13, 00, 00, 00, 00, 09, 00, 00, 00, 00, 00, 00, 00, 00, 00, 00, 00, 00, 00, 00, 00, 00, 00, 00, 00, 00, 00, 00, 00]
Aug 23 10:29:49.253314 cachyos lianli-daemon[2428]:   11.908874657s DEBUG lianli_daemon::service::media: LCD candidate: HydroShift II LCD Square (1cbe:a034) id=hid:660b8008768a8302w (USB bulk)
Aug 23 10:29:49.285119 cachyos lianli-daemon[2428]:   11.940670012s DEBUG lianli_devices::winusb::lcd::core: Buffer wait aborted (no response)
Aug 23 10:29:49.287400 cachyos lianli-daemon[2428]:   11.942962912s DEBUG lianli_devices::winusb::lcd::core: Response for h264 chunk (512 bytes): [79, c8, 8f, 17, 00, 00, 00, 00, 09, 00, 00, 00, 00, 00, 00, 00, 00, 00, 00, 00, 00, 00, 00, 00, 00, 00, 00, 00, 00, 00, 00, 00]
Aug 23 10:29:50.253516 cachyos lianli-daemon[2428]:   12.909078108s DEBUG lianli_daemon::service::media: LCD candidate: HydroShift II LCD Square (1cbe:a034) id=hid:660b8008768a8302w (USB bulk)
Aug 23 10:29:51.253393 cachyos lianli-daemon[2428]:   13.908957339s DEBUG lianli_daemon::service::media: LCD candidate: HydroShift II LCD Square (1cbe:a034) id=hid:660b8008768a8302w (USB bulk)
Aug 23 10:29:51.406365 cachyos lianli-daemon[2428]:   14.061925583s DEBUG lianli_devices::winusb::lcd::core: Response for h264 chunk (512 bytes): [79, c8, d6, 1f, 00, 00, 00, 00, 03, 00, 00, 00, 00, 00, 00, 00, 00, 00, 00, 00, 00, 00, 00, 00, 00, 00, 00, 00, 00, 00, 00, 00]
Aug 23 10:29:51.408786 cachyos lianli-daemon[2428]:   14.064348124s DEBUG lianli_devices::winusb::lcd::core: Response for h264 chunk (512 bytes): [79, c8, d8, 1f, 00, 00, 00, 00, 04, 00, 00, 00, 00, 00, 00, 00, 00, 00, 00, 00, 00, 00, 00, 00, 00, 00, 00, 00, 00, 00, 00, 00]
Aug 23 10:29:52.016150 cachyos lianli-daemon[2428]:   14.671712321s DEBUG lianli_devices::winusb::lcd::core: Response for h264 chunk (512 bytes): [79, c8, 38, 22, 00, 00, 00, 00, 03, 00, 00, 00, 00, 00, 00, 00, 00, 00, 00, 00, 00, 00, 00, 00, 00, 00, 00, 00, 00, 00, 00, 00]
Aug 23 10:29:52.018637 cachyos lianli-daemon[2428]:   14.674202392s DEBUG lianli_devices::winusb::lcd::core: Response for h264 chunk (512 bytes): [79, c8, 3a, 22, 00, 00, 00, 00, 04, 00, 00, 00, 00, 00, 00, 00, 00, 00, 00, 00, 00, 00, 00, 00, 00, 00, 00, 00, 00, 00, 00, 00]
Aug 23 10:29:52.253519 cachyos lianli-daemon[2428]:   14.909081520s DEBUG lianli_daemon::service::media: LCD candidate: HydroShift II LCD Square (1cbe:a034) id=hid:660b8008768a8302w (USB bulk)
Aug 23 10:29:52.575332 cachyos lianli-daemon[2428]:   15.230893601s DEBUG lianli_devices::winusb::lcd::core: Response for h264 chunk (512 bytes): [79, c8, 67, 24, 00, 00, 00, 00, 03, 00, 00, 00, 00, 00, 00, 00, 00, 00, 00, 00, 00, 00, 00, 00, 00, 00, 00, 00, 00, 00, 00, 00]
Aug 23 10:29:52.577766 cachyos lianli-daemon[2428]:   15.233332442s DEBUG lianli_devices::winusb::lcd::core: Response for h264 chunk (512 bytes): [79, c8, 69, 24, 00, 00, 00, 00, 04, 00, 00, 00, 00, 00, 00, 00, 00, 00, 00, 00, 00, 00, 00, 00, 00, 00, 00, 00, 00, 00, 00, 00]
Aug 23 10:29:53.184952 cachyos lianli-daemon[2428]:   15.840513990s DEBUG lianli_devices::winusb::lcd::core: Response for h264 chunk (512 bytes): [79, c8, c9, 26, 00, 00, 00, 00, 03, 00, 00, 00, 00, 00, 00, 00, 00, 00, 00, 00, 00, 00, 00, 00, 00, 00, 00, 00, 00, 00, 00, 00]
Aug 23 10:29:53.187384 cachyos lianli-daemon[2428]:   15.842950400s DEBUG lianli_devices::winusb::lcd::core: Response for h264 chunk (512 bytes): [79, c8, ca, 26, 00, 00, 00, 00, 04, 00, 00, 00, 00, 00, 00, 00, 00, 00, 00, 00, 00, 00, 00, 00, 00, 00, 00, 00, 00, 00, 00, 00]
Aug 23 10:29:53.253433 cachyos lianli-daemon[2428]:   15.908997621s DEBUG lianli_daemon::service::media: LCD candidate: HydroShift II LCD Square (1cbe:a034) id=hid:660b8008768a8302w (USB bulk)
Aug 23 10:29:53.794275 cachyos lianli-daemon[2428]:   16.449836628s DEBUG lianli_devices::winusb::lcd::core: Response for h264 chunk (512 bytes): [79, c8, 2a, 29, 00, 00, 00, 00, 03, 00, 00, 00, 00, 00, 00, 00, 00, 00, 00, 00, 00, 00, 00, 00, 00, 00, 00, 00, 00, 00, 00, 00]
Aug 23 10:29:53.796692 cachyos lianli-daemon[2428]:   16.452258998s DEBUG lianli_devices::winusb::lcd::core: Response for h264 chunk (512 bytes): [79, c8, 2c, 29, 00, 00, 00, 00, 04, 00, 00, 00, 00, 00, 00, 00, 00, 00, 00, 00, 00, 00, 00, 00, 00, 00, 00, 00, 00, 00, 00, 00]
Aug 23 10:29:54.253605 cachyos lianli-daemon[2428]:   16.909167272s DEBUG lianli_daemon::service::media: LCD candidate: HydroShift II LCD Square (1cbe:a034) id=hid:660b8008768a8302w (USB bulk)
Aug 23 10:29:54.405566 cachyos lianli-daemon[2428]:   17.061127186s DEBUG lianli_devices::winusb::lcd::core: Response for h264 chunk (512 bytes): [79, c8, 8c, 2b, 00, 00, 00, 00, 03, 00, 00, 00, 00, 00, 00, 00, 00, 00, 00, 00, 00, 00, 00, 00, 00, 00, 00, 00, 00, 00, 00, 00]
Aug 23 10:29:54.407919 cachyos lianli-daemon[2428]:   17.063484036s DEBUG lianli_devices::winusb::lcd::core: Response for h264 chunk (512 bytes): [79, c8, 8f, 2b, 00, 00, 00, 00, 04, 00, 00, 00, 00, 00, 00, 00, 00, 00, 00, 00, 00, 00, 00, 00, 00, 00, 00, 00, 00, 00, 00, 00]
Aug 23 10:29:55.014901 cachyos lianli-daemon[2428]:   17.670459714s DEBUG lianli_devices::winusb::lcd::core: Response for h264 chunk (512 bytes): [79, c8, ef, 2d, 00, 00, 00, 00, 03, 00, 00, 00, 00, 00, 00, 00, 00, 00, 00, 00, 00, 00, 00, 00, 00, 00, 00, 00, 00, 00, 00, 00]
Aug 23 10:29:55.017307 cachyos lianli-daemon[2428]:   17.672873894s DEBUG lianli_devices::winusb::lcd::core: Response for h264 chunk (512 bytes): [79, c8, f0, 2d, 00, 00, 00, 00, 04, 00, 00, 00, 00, 00, 00, 00, 00, 00, 00, 00, 00, 00, 00, 00, 00, 00, 00, 00, 00, 00, 00, 00]
Aug 23 10:29:55.253669 cachyos lianli-daemon[2428]:   17.909231272s DEBUG lianli_daemon::service::media: LCD candidate: HydroShift II LCD Square (1cbe:a034) id=hid:660b8008768a8302w (USB bulk)
Aug 23 10:29:55.575412 cachyos lianli-daemon[2428]:   18.230973504s DEBUG lianli_devices::winusb::lcd::core: Response for h264 chunk (512 bytes): [79, c8, 1e, 30, 00, 00, 00, 00, 03, 00, 00, 00, 00, 00, 00, 00, 00, 00, 00, 00, 00, 00, 00, 00, 00, 00, 00, 00, 00, 00, 00, 00]
Aug 23 10:29:55.577802 cachyos lianli-daemon[2428]:   18.233368685s DEBUG lianli_devices::winusb::lcd::core: Response for h264 chunk (512 bytes): [79, c8, 21, 30, 00, 00, 00, 00, 04, 00, 00, 00, 00, 00, 00, 00, 00, 00, 00, 00, 00, 00, 00, 00, 00, 00, 00, 00, 00, 00, 00, 00]
Aug 23 10:29:56.184992 cachyos lianli-daemon[2428]:   18.840552502s DEBUG lianli_devices::winusb::lcd::core: Response for h264 chunk (512 bytes): [79, c8, 81, 32, 00, 00, 00, 00, 03, 00, 00, 00, 00, 00, 00, 00, 00, 00, 00, 00, 00, 00, 00, 00, 00, 00, 00, 00, 00, 00, 00, 00]
Aug 23 10:29:56.187337 cachyos lianli-daemon[2428]:   18.842899913s DEBUG lianli_devices::winusb::lcd::core: Response for h264 chunk (512 bytes): [79, c8, 83, 32, 00, 00, 00, 00, 04, 00, 00, 00, 00, 00, 00, 00, 00, 00, 00, 00, 00, 00, 00, 00, 00, 00, 00, 00, 00, 00, 00, 00]
Aug 23 10:29:56.254371 cachyos lianli-daemon[2428]:   18.909932493s DEBUG lianli_daemon::service::media: LCD candidate: HydroShift II LCD Square (1cbe:a034) id=hid:660b8008768a8302w (USB bulk)
Aug 23 10:29:56.746021 cachyos lianli-daemon[2428]:   19.401579693s DEBUG lianli_devices::winusb::lcd::core: Response for h264 chunk (512 bytes): [79, c8, b2, 34, 00, 00, 00, 00, 03, 00, 00, 00, 00, 00, 00, 00, 00, 00, 00, 00, 00, 00, 00, 00, 00, 00, 00, 00, 00, 00, 00, 00]
Aug 23 10:29:56.748299 cachyos lianli-daemon[2428]:   19.403866353s DEBUG lianli_devices::winusb::lcd::core: Response for h264 chunk (512 bytes): [79, c8, b4, 34, 00, 00, 00, 00, 04, 00, 00, 00, 00, 00, 00, 00, 00, 00, 00, 00, 00, 00, 00, 00, 00, 00, 00, 00, 00, 00, 00, 00]
Aug 23 10:29:57.253901 cachyos lianli-daemon[2428]:   19.909464014s DEBUG lianli_daemon::service::media: LCD candidate: HydroShift II LCD Square (1cbe:a034) id=hid:660b8008768a8302w (USB bulk)
Aug 23 10:29:57.355382 cachyos lianli-daemon[2428]:   20.010943961s DEBUG lianli_devices::winusb::lcd::core: Response for h264 chunk (512 bytes): [79, c8, 13, 37, 00, 00, 00, 00, 03, 00, 00, 00, 00, 00, 00, 00, 00, 00, 00, 00, 00, 00, 00, 00, 00, 00, 00, 00, 00, 00, 00, 00]
Aug 23 10:29:57.357595 cachyos lianli-daemon[2428]:   20.013158731s DEBUG lianli_devices::winusb::lcd::core: Response for h264 chunk (512 bytes): [79, c8, 15, 37, 00, 00, 00, 00, 04, 00, 00, 00, 00, 00, 00, 00, 00, 00, 00, 00, 00, 00, 00, 00, 00, 00, 00, 00, 00, 00, 00, 00]
Aug 23 10:29:57.965577 cachyos lianli-daemon[2428]:   20.621140059s DEBUG lianli_devices::winusb::lcd::core: Response for h264 chunk (512 bytes): [79, c8, 76, 39, 00, 00, 00, 00, 03, 00, 00, 00, 00, 00, 00, 00, 00, 00, 00, 00, 00, 00, 00, 00, 00, 00, 00, 00, 00, 00, 00, 00]
Aug 23 10:29:57.967550 cachyos lianli-daemon[2428]:   20.623116649s DEBUG lianli_devices::winusb::lcd::core: Response for h264 chunk (512 bytes): [79, c8, 77, 39, 00, 00, 00, 00, 04, 00, 00, 00, 00, 00, 00, 00, 00, 00, 00, 00, 00, 00, 00, 00, 00, 00, 00, 00, 00, 00, 00, 00]
Aug 23 10:29:58.253974 cachyos lianli-daemon[2428]:   20.909516775s DEBUG lianli_daemon::service::media: LCD candidate: HydroShift II LCD Square (1cbe:a034) id=hid:660b8008768a8302w (USB bulk)
Aug 23 10:29:58.523706 cachyos lianli-daemon[2428]:   21.179245449s DEBUG lianli_devices::winusb::lcd::core: Response for h264 chunk (512 bytes): [79, c8, a4, 3b, 00, 00, 00, 00, 03, 00, 00, 00, 00, 00, 00, 00, 00, 00, 00, 00, 00, 00, 00, 00, 00, 00, 00, 00, 00, 00, 00, 00]
Aug 23 10:29:58.525537 cachyos lianli-daemon[2428]:   21.181100159s DEBUG lianli_devices::winusb::lcd::core: Response for h264 chunk (512 bytes): [79, c8, a5, 3b, 00, 00, 00, 00, 04, 00, 00, 00, 00, 00, 00, 00, 00, 00, 00, 00, 00, 00, 00, 00, 00, 00, 00, 00, 00, 00, 00, 00]
Aug 23 10:29:59.031689 cachyos lianli-daemon[2428]:   21.687252500s DEBUG lianli_devices::winusb::lcd::core: Response for h264 chunk (512 bytes): [79, c8, a0, 3d, 00, 00, 00, 00, 03, 00, 00, 00, 00, 00, 00, 00, 00, 00, 00, 00, 00, 00, 00, 00, 00, 00, 00, 00, 00, 00, 00, 00]
Aug 23 10:29:59.034188 cachyos lianli-daemon[2428]:   21.689751521s DEBUG lianli_devices::winusb::lcd::core: Response for h264 chunk (512 bytes): [79, c8, a1, 3d, 00, 00, 00, 00, 04, 00, 00, 00, 00, 00, 00, 00, 00, 00, 00, 00, 00, 00, 00, 00, 00, 00, 00, 00, 00, 00, 00, 00]
Aug 23 10:29:59.254032 cachyos lianli-daemon[2428]:   21.909593346s DEBUG lianli_daemon::service::media: LCD candidate: HydroShift II LCD Square (1cbe:a034) id=hid:660b8008768a8302w (USB bulk)
Aug 23 10:29:59.641352 cachyos lianli-daemon[2428]:   22.296914449s DEBUG lianli_devices::winusb::lcd::core: Response for h264 chunk (512 bytes): [79, c8, 01, 40, 00, 00, 00, 00, 03, 00, 00, 00, 00, 00, 00, 00, 00, 00, 00, 00, 00, 00, 00, 00, 00, 00, 00, 00, 00, 00, 00, 00]
Aug 23 10:29:59.643854 cachyos lianli-daemon[2428]:   22.299413089s DEBUG lianli_devices::winusb::lcd::core: Response for h264 chunk (512 bytes): [79, c8, 03, 40, 00, 00, 00, 00, 04, 00, 00, 00, 00, 00, 00, 00, 00, 00, 00, 00, 00, 00, 00, 00, 00, 00, 00, 00, 00, 00, 00, 00]
Aug 23 10:30:00.200302 cachyos lianli-daemon[2428]:   22.855861899s DEBUG lianli_devices::winusb::lcd::core: Response for h264 chunk (512 bytes): [79, c8, 30, 42, 00, 00, 00, 00, 03, 00, 00, 00, 00, 00, 00, 00, 00, 00, 00, 00, 00, 00, 00, 00, 00, 00, 00, 00, 00, 00, 00, 00]
Aug 23 10:30:00.202510 cachyos lianli-daemon[2428]:   22.858076259s DEBUG lianli_devices::winusb::lcd::core: Response for h264 chunk (512 bytes): [79, c8, 32, 42, 00, 00, 00, 00, 04, 00, 00, 00, 00, 00, 00, 00, 00, 00, 00, 00, 00, 00, 00, 00, 00, 00, 00, 00, 00, 00, 00, 00]
Aug 23 10:30:00.254090 cachyos lianli-daemon[2428]:   22.909653337s DEBUG lianli_daemon::service::media: LCD candidate: HydroShift II LCD Square (1cbe:a034) id=hid:660b8008768a8302w (USB bulk)
Aug 23 10:30:00.809039 cachyos lianli-daemon[2428]:   23.464597216s DEBUG lianli_devices::winusb::lcd::core: Response for h264 chunk (512 bytes): [79, c8, 91, 44, 00, 00, 00, 00, 03, 00, 00, 00, 00, 00, 00, 00, 00, 00, 00, 00, 00, 00, 00, 00, 00, 00, 00, 00, 00, 00, 00, 00]
Aug 23 10:30:00.811099 cachyos lianli-daemon[2428]:   23.466665907s DEBUG lianli_devices::winusb::lcd::core: Response for h264 chunk (512 bytes): [79, c8, 93, 44, 00, 00, 00, 00, 04, 00, 00, 00, 00, 00, 00, 00, 00, 00, 00, 00, 00, 00, 00, 00, 00, 00, 00, 00, 00, 00, 00, 00]
Aug 23 10:30:01.254145 cachyos lianli-daemon[2428]:   23.909707368s DEBUG lianli_daemon::service::media: LCD candidate: HydroShift II LCD Square (1cbe:a034) id=hid:660b8008768a8302w (USB bulk)
Aug 23 10:30:01.468019 cachyos lianli-daemon[2428]:   24.123581363s DEBUG lianli_devices::winusb::lcd::core: Response for h264 chunk (512 bytes): [79, c8, 24, 47, 00, 00, 00, 00, 03, 00, 00, 00, 00, 00, 00, 00, 00, 00, 00, 00, 00, 00, 00, 00, 00, 00, 00, 00, 00, 00, 00, 00]
Aug 23 10:30:01.470017 cachyos lianli-daemon[2428]:   24.125580583s DEBUG lianli_devices::winusb::lcd::core: Response for h264 chunk (512 bytes): [79, c8, 26, 47, 00, 00, 00, 00, 04, 00, 00, 00, 00, 00, 00, 00, 00, 00, 00, 00, 00, 00, 00, 00, 00, 00, 00, 00, 00, 00, 00, 00]
Aug 23 10:30:02.140945 cachyos lianli-daemon[2428]:   24.796506161s DEBUG lianli_devices::winusb::lcd::core: Response for h264 chunk (512 bytes): [79, c8, b8, 49, 00, 00, 00, 00, 03, 00, 00, 00, 00, 00, 00, 00, 00, 00, 00, 00, 00, 00, 00, 00, 00, 00, 00, 00, 00, 00, 00, 00]
Aug 23 10:30:02.142992 cachyos lianli-daemon[2428]:   24.798559061s DEBUG lianli_devices::winusb::lcd::core: Response for h264 chunk (512 bytes): [79, c8, c6, 49, 00, 00, 00, 00, 04, 00, 00, 00, 00, 00, 00, 00, 00, 00, 00, 00, 00, 00, 00, 00, 00, 00, 00, 00, 00, 00, 00, 00]
Aug 23 10:30:02.254204 cachyos lianli-daemon[2428]:   24.909767449s DEBUG lianli_daemon::service::media: LCD candidate: HydroShift II LCD Square (1cbe:a034) id=hid:660b8008768a8302w (USB bulk)
Aug 23 10:30:02.699303 cachyos lianli-daemon[2428]:   25.354864381s DEBUG lianli_devices::winusb::lcd::core: Response for h264 chunk (512 bytes): [79, c8, f4, 4b, 00, 00, 00, 00, 03, 00, 00, 00, 00, 00, 00, 00, 00, 00, 00, 00, 00, 00, 00, 00, 00, 00, 00, 00, 00, 00, 00, 00]
Aug 23 10:30:02.701432 cachyos lianli-daemon[2428]:   25.356995511s DEBUG lianli_devices::winusb::lcd::core: Response for h264 chunk (512 bytes): [79, c8, f5, 4b, 00, 00, 00, 00, 04, 00, 00, 00, 00, 00, 00, 00, 00, 00, 00, 00, 00, 00, 00, 00, 00, 00, 00, 00, 00, 00, 00, 00]
Aug 23 10:30:03.254157 cachyos lianli-daemon[2428]:   25.909705490s DEBUG lianli_daemon::service::media: LCD candidate: HydroShift II LCD Square (1cbe:a034) id=hid:660b8008768a8302w (USB bulk)
Aug 23 10:30:03.258236 cachyos lianli-daemon[2428]:   25.913791731s DEBUG lianli_devices::winusb::lcd::core: Response for h264 chunk (512 bytes): [79, c8, 22, 4e, 00, 00, 00, 00, 03, 00, 00, 00, 00, 00, 00, 00, 00, 00, 00, 00, 00, 00, 00, 00, 00, 00, 00, 00, 00, 00, 00, 00]
Aug 23 10:30:03.262062 cachyos lianli-daemon[2428]:   25.917628591s DEBUG lianli_devices::winusb::lcd::core: Response for h264 chunk (512 bytes): [79, c8, 24, 4e, 00, 00, 00, 00, 04, 00, 00, 00, 00, 00, 00, 00, 00, 00, 00, 00, 00, 00, 00, 00, 00, 00, 00, 00, 00, 00, 00, 00]
Aug 23 10:30:03.869188 cachyos lianli-daemon[2428]:   26.524748879s DEBUG lianli_devices::winusb::lcd::core: Response for h264 chunk (512 bytes): [79, c8, 85, 50, 00, 00, 00, 00, 03, 00, 00, 00, 00, 00, 00, 00, 00, 00, 00, 00, 00, 00, 00, 00, 00, 00, 00, 00, 00, 00, 00, 00]
Aug 23 10:30:03.871057 cachyos lianli-daemon[2428]:   26.526624239s DEBUG lianli_devices::winusb::lcd::core: Response for h264 chunk (512 bytes): [79, c8, 87, 50, 00, 00, 00, 00, 04, 00, 00, 00, 00, 00, 00, 00, 00, 00, 00, 00, 00, 00, 00, 00, 00, 00, 00, 00, 00, 00, 00, 00]
Aug 23 10:30:04.254331 cachyos lianli-daemon[2428]:   26.909872751s DEBUG lianli_daemon::service::media: LCD candidate: HydroShift II LCD Square (1cbe:a034) id=hid:660b8008768a8302w (USB bulk)
Aug 23 10:30:04.427629 cachyos lianli-daemon[2428]:   27.083185609s DEBUG lianli_devices::winusb::lcd::core: Response for h264 chunk (512 bytes): [79, c8, b4, 52, 00, 00, 00, 00, 03, 00, 00, 00, 00, 00, 00, 00, 00, 00, 00, 00, 00, 00, 00, 00, 00, 00, 00, 00, 00, 00, 00, 00]
Aug 23 10:30:04.431531 cachyos lianli-daemon[2428]:   27.087097349s DEBUG lianli_devices::winusb::lcd::core: Response for h264 chunk (512 bytes): [79, c8, b5, 52, 00, 00, 00, 00, 04, 00, 00, 00, 00, 00, 00, 00, 00, 00, 00, 00, 00, 00, 00, 00, 00, 00, 00, 00, 00, 00, 00, 00]
Aug 23 10:30:05.038176 cachyos lianli-daemon[2428]:   27.693735877s DEBUG lianli_devices::winusb::lcd::core: Response for h264 chunk (512 bytes): [79, c8, 16, 55, 00, 00, 00, 00, 03, 00, 00, 00, 00, 00, 00, 00, 00, 00, 00, 00, 00, 00, 00, 00, 00, 00, 00, 00, 00, 00, 00, 00]
Aug 23 10:30:05.040291 cachyos lianli-daemon[2428]:   27.695856447s DEBUG lianli_devices::winusb::lcd::core: Response for h264 chunk (512 bytes): [79, c8, 18, 55, 00, 00, 00, 00, 04, 00, 00, 00, 00, 00, 00, 00, 00, 00, 00, 00, 00, 00, 00, 00, 00, 00, 00, 00, 00, 00, 00, 00]
Aug 23 10:30:05.254389 cachyos lianli-daemon[2428]:   27.909952252s DEBUG lianli_daemon::service::media: LCD candidate: HydroShift II LCD Square (1cbe:a034) id=hid:660b8008768a8302w (USB bulk)
Aug 23 10:30:05.647486 cachyos lianli-daemon[2428]:   28.303047545s DEBUG lianli_devices::winusb::lcd::core: Response for h264 chunk (512 bytes): [79, c8, 78, 57, 00, 00, 00, 00, 03, 00, 00, 00, 00, 00, 00, 00, 00, 00, 00, 00, 00, 00, 00, 00, 00, 00, 00, 00, 00, 00, 00, 00]
Aug 23 10:30:05.649488 cachyos lianli-daemon[2428]:   28.305047775s DEBUG lianli_devices::winusb::lcd::core: Response for h264 chunk (512 bytes): [79, c8, 79, 57, 00, 00, 00, 00, 04, 00, 00, 00, 00, 00, 00, 00, 00, 00, 00, 00, 00, 00, 00, 00, 00, 00, 00, 00, 00, 00, 00, 00]
Aug 23 10:30:06.205713 cachyos lianli-daemon[2428]:   28.861275025s DEBUG lianli_devices::winusb::lcd::core: Response for h264 chunk (512 bytes): [79, c8, a6, 59, 00, 00, 00, 00, 03, 00, 00, 00, 00, 00, 00, 00, 00, 00, 00, 00, 00, 00, 00, 00, 00, 00, 00, 00, 00, 00, 00, 00]
Aug 23 10:30:06.207624 cachyos lianli-daemon[2428]:   28.863190775s DEBUG lianli_devices::winusb::lcd::core: Response for h264 chunk (512 bytes): [79, c8, a7, 59, 00, 00, 00, 00, 04, 00, 00, 00, 00, 00, 00, 00, 00, 00, 00, 00, 00, 00, 00, 00, 00, 00, 00, 00, 00, 00, 00, 00]
Aug 23 10:30:06.254457 cachyos lianli-daemon[2428]:   28.910019523s DEBUG lianli_daemon::service::media: LCD candidate: HydroShift II LCD Square (1cbe:a034) id=hid:660b8008768a8302w (USB bulk)
Aug 23 10:30:06.814255 cachyos lianli-daemon[2428]:   29.469817393s DEBUG lianli_devices::winusb::lcd::core: Response for h264 chunk (512 bytes): [79, c8, 07, 5c, 00, 00, 00, 00, 03, 00, 00, 00, 00, 00, 00, 00, 00, 00, 00, 00, 00, 00, 00, 00, 00, 00, 00, 00, 00, 00, 00, 00]
Aug 23 10:30:06.816187 cachyos lianli-daemon[2428]:   29.471748073s DEBUG lianli_devices::winusb::lcd::core: Response for h264 chunk (512 bytes): [79, c8, 08, 5c, 00, 00, 00, 00, 04, 00, 00, 00, 00, 00, 00, 00, 00, 00, 00, 00, 00, 00, 00, 00, 00, 00, 00, 00, 00, 00, 00, 00]
Aug 23 10:30:07.254915 cachyos lianli-daemon[2428]:   29.910477414s DEBUG lianli_daemon::service::media: LCD candidate: HydroShift II LCD Square (1cbe:a034) id=hid:660b8008768a8302w (USB bulk)
Aug 23 10:30:07.272811 cachyos lianli-daemon[2428]:   29.928374047s DEBUG lianli_devices::winusb::lcd::core: Response for h264 chunk (512 bytes): [79, c8, d1, 5d, 00, 00, 00, 00, 03, 00, 00, 00, 00, 00, 00, 00, 00, 00, 00, 00, 00, 00, 00, 00, 00, 00, 00, 00, 00, 00, 00, 00]
Aug 23 10:30:07.274696 cachyos lianli-daemon[2428]:   29.930263187s DEBUG lianli_devices::winusb::lcd::core: Response for h264 chunk (512 bytes): [79, c8, d2, 5d, 00, 00, 00, 00, 04, 00, 00, 00, 00, 00, 00, 00, 00, 00, 00, 00, 00, 00, 00, 00, 00, 00, 00, 00, 00, 00, 00, 00]
Aug 23 10:30:07.881204 cachyos lianli-daemon[2428]:   30.536752985s DEBUG lianli_devices::winusb::lcd::core: Response for h264 chunk (512 bytes): [79, c8, 32, 60, 00, 00, 00, 00, 03, 00, 00, 00, 00, 00, 00, 00, 00, 00, 00, 00, 00, 00, 00, 00, 00, 00, 00, 00, 00, 00, 00, 00]
Aug 23 10:30:07.883168 cachyos lianli-daemon[2428]:   30.538730335s DEBUG lianli_devices::winusb::lcd::core: Response for h264 chunk (512 bytes): [79, c8, 33, 60, 00, 00, 00, 00, 04, 00, 00, 00, 00, 00, 00, 00, 00, 00, 00, 00, 00, 00, 00, 00, 00, 00, 00, 00, 00, 00, 00, 00]
Aug 23 10:30:08.254552 cachyos lianli-daemon[2428]:   30.910093252s DEBUG lianli_daemon::service::media: LCD candidate: HydroShift II LCD Square (1cbe:a034) id=hid:660b8008768a8302w (USB bulk)
Aug 23 10:30:08.491094 cachyos lianli-daemon[2428]:   31.146655831s DEBUG lianli_devices::winusb::lcd::core: Response for h264 chunk (512 bytes): [79, c8, 93, 62, 00, 00, 00, 00, 03, 00, 00, 00, 00, 00, 00, 00, 00, 00, 00, 00, 00, 00, 00, 00, 00, 00, 00, 00, 00, 00, 00, 00]
Aug 23 10:30:08.493105 cachyos lianli-daemon[2428]:   31.148672395s DEBUG lianli_devices::winusb::lcd::core: Response for h264 chunk (512 bytes): [79, c8, 95, 62, 00, 00, 00, 00, 04, 00, 00, 00, 00, 00, 00, 00, 00, 00, 00, 00, 00, 00, 00, 00, 00, 00, 00, 00, 00, 00, 00, 00]
Aug 23 10:30:09.099708 cachyos lianli-daemon[2428]:   31.755269836s DEBUG lianli_devices::winusb::lcd::core: Response for h264 chunk (512 bytes): [79, c8, f4, 64, 00, 00, 00, 00, 03, 00, 00, 00, 00, 00, 00, 00, 00, 00, 00, 00, 00, 00, 00, 00, 00, 00, 00, 00, 00, 00, 00, 00]
Aug 23 10:30:09.101913 cachyos lianli-daemon[2428]:   31.757475638s DEBUG lianli_devices::winusb::lcd::core: Response for h264 chunk (512 bytes): [79, c8, f5, 64, 00, 00, 00, 00, 04, 00, 00, 00, 00, 00, 00, 00, 00, 00, 00, 00, 00, 00, 00, 00, 00, 00, 00, 00, 00, 00, 00, 00]
Aug 23 10:30:09.254588 cachyos lianli-daemon[2428]:   31.910151764s DEBUG lianli_daemon::service::media: LCD candidate: HydroShift II LCD Square (1cbe:a034) id=hid:660b8008768a8302w (USB bulk)
Aug 23 10:30:09.709960 cachyos lianli-daemon[2428]:   32.365523035s DEBUG lianli_devices::winusb::lcd::core: Response for h264 chunk (512 bytes): [79, c8, 56, 67, 00, 00, 00, 00, 03, 00, 00, 00, 00, 00, 00, 00, 00, 00, 00, 00, 00, 00, 00, 00, 00, 00, 00, 00, 00, 00, 00, 00]
Aug 23 10:30:09.711975 cachyos lianli-daemon[2428]:   32.367542053s DEBUG lianli_devices::winusb::lcd::core: Response for h264 chunk (512 bytes): [79, c8, 57, 67, 00, 00, 00, 00, 04, 00, 00, 00, 00, 00, 00, 00, 00, 00, 00, 00, 00, 00, 00, 00, 00, 00, 00, 00, 00, 00, 00, 00]
Aug 23 10:30:10.254646 cachyos lianli-daemon[2428]:   32.910209653s DEBUG lianli_daemon::service::media: LCD candidate: HydroShift II LCD Square (1cbe:a034) id=hid:660b8008768a8302w (USB bulk)
Aug 23 10:30:10.318713 cachyos lianli-daemon[2428]:   32.974269634s DEBUG lianli_devices::winusb::lcd::core: Response for h264 chunk (512 bytes): [79, c8, b7, 69, 00, 00, 00, 00, 03, 00, 00, 00, 00, 00, 00, 00, 00, 00, 00, 00, 00, 00, 00, 00, 00, 00, 00, 00, 00, 00, 00, 00]
Aug 23 10:30:10.320650 cachyos lianli-daemon[2428]:   32.976216849s DEBUG lianli_devices::winusb::lcd::core: Response for h264 chunk (512 bytes): [79, c8, b8, 69, 00, 00, 00, 00, 04, 00, 00, 00, 00, 00, 00, 00, 00, 00, 00, 00, 00, 00, 00, 00, 00, 00, 00, 00, 00, 00, 00, 00]
Aug 23 10:30:10.928723 cachyos lianli-daemon[2428]:   33.584284059s DEBUG lianli_devices::winusb::lcd::core: Response for h264 chunk (512 bytes): [79, c8, 19, 6c, 00, 00, 00, 00, 03, 00, 00, 00, 00, 00, 00, 00, 00, 00, 00, 00, 00, 00, 00, 00, 00, 00, 00, 00, 00, 00, 00, 00]
Aug 23 10:30:10.930554 cachyos lianli-daemon[2428]:   33.586116378s DEBUG lianli_devices::winusb::lcd::core: Response for h264 chunk (512 bytes): [79, c8, 1a, 6c, 00, 00, 00, 00, 04, 00, 00, 00, 00, 00, 00, 00, 00, 00, 00, 00, 00, 00, 00, 00, 00, 00, 00, 00, 00, 00, 00, 00]
Aug 23 10:30:11.254704 cachyos lianli-daemon[2428]:   33.910244275s DEBUG lianli_daemon::service::media: LCD candidate: HydroShift II LCD Square (1cbe:a034) id=hid:660b8008768a8302w (USB bulk)
Aug 23 10:30:11.486930 cachyos lianli-daemon[2428]:   34.142492580s DEBUG lianli_devices::winusb::lcd::core: Response for h264 chunk (512 bytes): [79, c8, 47, 6e, 00, 00, 00, 00, 03, 00, 00, 00, 00, 00, 00, 00, 00, 00, 00, 00, 00, 00, 00, 00, 00, 00, 00, 00, 00, 00, 00, 00]
Aug 23 10:30:11.488789 cachyos lianli-daemon[2428]:   34.144351922s DEBUG lianli_devices::winusb::lcd::core: Response for h264 chunk (512 bytes): [79, c8, 48, 6e, 00, 00, 00, 00, 04, 00, 00, 00, 00, 00, 00, 00, 00, 00, 00, 00, 00, 00, 00, 00, 00, 00, 00, 00, 00, 00, 00, 00]
Aug 23 10:30:12.095314 cachyos lianli-daemon[2428]:   34.750874494s DEBUG lianli_devices::winusb::lcd::core: Response for h264 chunk (512 bytes): [79, c8, a8, 70, 00, 00, 00, 00, 03, 00, 00, 00, 00, 00, 00, 00, 00, 00, 00, 00, 00, 00, 00, 00, 00, 00, 00, 00, 00, 00, 00, 00]
Aug 23 10:30:12.097299 cachyos lianli-daemon[2428]:   34.752852046s DEBUG lianli_devices::winusb::lcd::core: Response for h264 chunk (512 bytes): [79, c8, a9, 70, 00, 00, 00, 00, 04, 00, 00, 00, 00, 00, 00, 00, 00, 00, 00, 00, 00, 00, 00, 00, 00, 00, 00, 00, 00, 00, 00, 00]
Aug 23 10:30:12.254729 cachyos lianli-daemon[2428]:   34.910294450s DEBUG lianli_daemon::service::media: LCD candidate: HydroShift II LCD Square (1cbe:a034) id=hid:660b8008768a8302w (USB bulk)
Aug 23 10:30:12.704077 cachyos lianli-daemon[2428]:   35.359640103s DEBUG lianli_devices::winusb::lcd::core: Response for h264 chunk (512 bytes): [79, c8, 08, 73, 00, 00, 00, 00, 03, 00, 00, 00, 00, 00, 00, 00, 00, 00, 00, 00, 00, 00, 00, 00, 00, 00, 00, 00, 00, 00, 00, 00]
Aug 23 10:30:12.706103 cachyos lianli-daemon[2428]:   35.361665253s DEBUG lianli_devices::winusb::lcd::core: Response for h264 chunk (512 bytes): [79, c8, 0a, 73, 00, 00, 00, 00, 04, 00, 00, 00, 00, 00, 00, 00, 00, 00, 00, 00, 00, 00, 00, 00, 00, 00, 00, 00, 00, 00, 00, 00]
Aug 23 10:30:13.254752 cachyos lianli-daemon[2428]:   35.910313762s DEBUG lianli_daemon::service::media: LCD candidate: HydroShift II LCD Square (1cbe:a034) id=hid:660b8008768a8302w (USB bulk)
Aug 23 10:30:13.262524 cachyos lianli-daemon[2428]:   35.918085700s DEBUG lianli_devices::winusb::lcd::core: Response for h264 chunk (512 bytes): [79, c8, 37, 75, 00, 00, 00, 00, 03, 00, 00, 00, 00, 00, 00, 00, 00, 00, 00, 00, 00, 00, 00, 00, 00, 00, 00, 00, 00, 00, 00, 00]
Aug 23 10:30:13.264492 cachyos lianli-daemon[2428]:   35.920056356s DEBUG lianli_devices::winusb::lcd::core: Response for h264 chunk (512 bytes): [79, c8, 38, 75, 00, 00, 00, 00, 04, 00, 00, 00, 00, 00, 00, 00, 00, 00, 00, 00, 00, 00, 00, 00, 00, 00, 00, 00, 00, 00, 00, 00]
Aug 23 10:30:13.403057 cachyos lianli-daemon[2428]:   36.058620795s DEBUG lianli_devices::winusb::h2_aio: H2: PushRgbData 1 frame(s), 24 LEDs, 13 bytes
Aug 23 10:30:13.511069 cachyos lianli-daemon[2428]:   36.166610931s DEBUG lianli_daemon::service: OpenRGB server active — resyncing last direct-color frame instead of native effect
Aug 23 10:30:14.255136 cachyos lianli-daemon[2428]:   36.910699371s DEBUG lianli_daemon::service::media: LCD candidate: HydroShift II LCD Square (1cbe:a034) id=hid:660b8008768a8302w (USB bulk)
Aug 23 10:30:15.254834 cachyos lianli-daemon[2428]:   37.910398670s DEBUG lianli_daemon::service::media: LCD candidate: HydroShift II LCD Square (1cbe:a034) id=hid:660b8008768a8302w (USB bulk)
Aug 23 10:30:15.408785 cachyos lianli-daemon[2428]:   38.064349742s DEBUG lianli_devices::winusb::lcd::core: Buffer wait aborted (no response)
Aug 23 10:30:16.254919 cachyos lianli-daemon[2428]:   38.910482457s DEBUG lianli_daemon::service::media: LCD candidate: HydroShift II LCD Square (1cbe:a034) id=hid:660b8008768a8302w (USB bulk)
Aug 23 10:30:17.254985 cachyos lianli-daemon[2428]:   39.910546942s DEBUG lianli_daemon::service::media: LCD candidate: HydroShift II LCD Square (1cbe:a034) id=hid:660b8008768a8302w (USB bulk)
Aug 23 10:30:17.410767 cachyos lianli-daemon[2428]:   40.066329355s  WARN lianli_devices::winusb::lcd::core: Read after h264 chunk failed: USB error: Operation timed out
Aug 23 10:30:18.255061 cachyos lianli-daemon[2428]:   40.910623801s DEBUG lianli_daemon::service::media: LCD candidate: HydroShift II LCD Square (1cbe:a034) id=hid:660b8008768a8302w (USB bulk)
Aug 23 10:30:19.255408 cachyos lianli-daemon[2428]:   41.910963033s DEBUG lianli_daemon::service::media: LCD candidate: HydroShift II LCD Square (1cbe:a034) id=hid:660b8008768a8302w (USB bulk)
Aug 23 10:30:19.418012 cachyos lianli-daemon[2428]:   42.073574991s  WARN lianli_devices::winusb::lcd::core: Read after h264 chunk failed: USB error: Operation timed out
Aug 23 10:30:20.255182 cachyos lianli-daemon[2428]:   42.910741362s DEBUG lianli_daemon::service::media: LCD candidate: HydroShift II LCD Square (1cbe:a034) id=hid:660b8008768a8302w (USB bulk)
Aug 23 10:30:21.255201 cachyos lianli-daemon[2428]:   43.910763995s DEBUG lianli_daemon::service::media: LCD candidate: HydroShift II LCD Square (1cbe:a034) id=hid:660b8008768a8302w (USB bulk)
Aug 23 10:30:21.425335 cachyos lianli-daemon[2428]:   44.080898409s  WARN lianli_devices::winusb::lcd::core: Read after h264 chunk failed: USB error: Operation timed out
Aug 23 10:30:22.255281 cachyos lianli-daemon[2428]:   44.910842035s DEBUG lianli_daemon::service::media: LCD candidate: HydroShift II LCD Square (1cbe:a034) id=hid:660b8008768a8302w (USB bulk)
Aug 23 10:30:23.255441 cachyos lianli-daemon[2428]:   45.911003024s DEBUG lianli_daemon::service::media: LCD candidate: HydroShift II LCD Square (1cbe:a034) id=hid:660b8008768a8302w (USB bulk)
Aug 23 10:30:23.432578 cachyos lianli-daemon[2428]:   46.088141106s  WARN lianli_devices::winusb::lcd::core: Read after h264 chunk failed: USB error: Operation timed out
Aug 23 10:30:24.255428 cachyos lianli-daemon[2428]:   46.910987852s DEBUG lianli_daemon::service::media: LCD candidate: HydroShift II LCD Square (1cbe:a034) id=hid:660b8008768a8302w (USB bulk)
Aug 23 10:30:25.256039 cachyos lianli-daemon[2428]:   47.911600120s DEBUG lianli_daemon::service::media: LCD candidate: HydroShift II LCD Square (1cbe:a034) id=hid:660b8008768a8302w (USB bulk)
Aug 23 10:30:25.439750 cachyos lianli-daemon[2428]:   48.095312599s  WARN lianli_devices::winusb::lcd::core: Read after h264 chunk failed: USB error: Operation timed out
Aug 23 10:30:26.255497 cachyos lianli-daemon[2428]:   48.911058895s DEBUG lianli_daemon::service::media: LCD candidate: HydroShift II LCD Square (1cbe:a034) id=hid:660b8008768a8302w (USB bulk)
Aug 23 10:30:27.255536 cachyos lianli-daemon[2428]:   49.911087043s DEBUG lianli_daemon::service::media: LCD candidate: HydroShift II LCD Square (1cbe:a034) id=hid:660b8008768a8302w (USB bulk)
Aug 23 10:30:27.446940 cachyos lianli-daemon[2428]:   50.102502610s  WARN lianli_devices::winusb::lcd::core: Read after h264 chunk failed: USB error: Operation timed out
Aug 23 10:30:28.255626 cachyos lianli-daemon[2428]:   50.911187271s DEBUG lianli_daemon::service::media: LCD candidate: HydroShift II LCD Square (1cbe:a034) id=hid:660b8008768a8302w (USB bulk)
Aug 23 10:30:29.255656 cachyos lianli-daemon[2428]:   51.911219097s DEBUG lianli_daemon::service::media: LCD candidate: HydroShift II LCD Square (1cbe:a034) id=hid:660b8008768a8302w (USB bulk)
Aug 23 10:30:29.454180 cachyos lianli-daemon[2428]:   52.109742004s  WARN lianli_devices::winusb::lcd::core: Read after h264 chunk failed: USB error: Operation timed out
Aug 23 10:30:30.256270 cachyos lianli-daemon[2428]:   52.911832959s DEBUG lianli_daemon::service::media: LCD candidate: HydroShift II LCD Square (1cbe:a034) id=hid:660b8008768a8302w (USB bulk)
Aug 23 10:30:31.255763 cachyos lianli-daemon[2428]:   53.911325735s DEBUG lianli_daemon::service::media: LCD candidate: HydroShift II LCD Square (1cbe:a034) id=hid:660b8008768a8302w (USB bulk)
Aug 23 10:30:31.461571 cachyos lianli-daemon[2428]:   54.117133806s  WARN lianli_devices::winusb::lcd::core: Read after h264 chunk failed: USB error: Operation timed out
Aug 23 10:30:32.255847 cachyos lianli-daemon[2428]:   54.911408070s DEBUG lianli_daemon::service::media: LCD candidate: HydroShift II LCD Square (1cbe:a034) id=hid:660b8008768a8302w (USB bulk)
Aug 23 10:30:33.256371 cachyos lianli-daemon[2428]:   55.911911782s DEBUG lianli_daemon::service::media: LCD candidate: HydroShift II LCD Square (1cbe:a034) id=hid:660b8008768a8302w (USB bulk)
Aug 23 10:30:33.468914 cachyos lianli-daemon[2428]:   56.124476358s  WARN lianli_devices::winusb::lcd::core: Read after h264 chunk failed: USB error: Operation timed out
Aug 23 10:30:34.255932 cachyos lianli-daemon[2428]:   56.911494018s DEBUG lianli_daemon::service::media: LCD candidate: HydroShift II LCD Square (1cbe:a034) id=hid:660b8008768a8302w (USB bulk)
Aug 23 10:30:35.256464 cachyos lianli-daemon[2428]:   57.912027362s DEBUG lianli_daemon::service::media: LCD candidate: HydroShift II LCD Square (1cbe:a034) id=hid:660b8008768a8302w (USB bulk)
Aug 23 10:30:35.476300 cachyos lianli-daemon[2428]:   58.131862745s  WARN lianli_devices::winusb::lcd::core: Read after h264 chunk failed: USB error: Operation timed out
Aug 23 10:30:36.256050 cachyos lianli-daemon[2428]:   58.911612809s DEBUG lianli_daemon::service::media: LCD candidate: HydroShift II LCD Square (1cbe:a034) id=hid:660b8008768a8302w (USB bulk)
Aug 23 10:30:37.256135 cachyos lianli-daemon[2428]:   59.911697943s DEBUG lianli_daemon::service::media: LCD candidate: HydroShift II LCD Square (1cbe:a034) id=hid:660b8008768a8302w (USB bulk)
Aug 23 10:30:37.532818 cachyos lianli-daemon[2428]:   60.188358130s  WARN lianli_devices::winusb::lcd::core: Read after h264 chunk failed: USB error: Operation timed out
Aug 23 10:30:38.256183 cachyos lianli-daemon[2428]:   60.911744050s DEBUG lianli_daemon::service::media: LCD candidate: HydroShift II LCD Square (1cbe:a034) id=hid:660b8008768a8302w (USB bulk)
Aug 23 10:30:39.256209 cachyos lianli-daemon[2428]:   61.911772176s DEBUG lianli_daemon::service::media: LCD candidate: HydroShift II LCD Square (1cbe:a034) id=hid:660b8008768a8302w (USB bulk)
Aug 23 10:30:39.540193 cachyos lianli-daemon[2428]:   62.195734563s  WARN lianli_devices::winusb::lcd::core: Read after h264 chunk failed: USB error: Operation timed out
Aug 23 10:30:40.256255 cachyos lianli-daemon[2428]:   62.911817340s DEBUG lianli_daemon::service::media: LCD candidate: HydroShift II LCD Square (1cbe:a034) id=hid:660b8008768a8302w (USB bulk)
Aug 23 10:30:41.256293 cachyos lianli-daemon[2428]:   63.911855910s DEBUG lianli_daemon::service::media: LCD candidate: HydroShift II LCD Square (1cbe:a034) id=hid:660b8008768a8302w (USB bulk)
Aug 23 10:30:41.548171 cachyos lianli-daemon[2428]:   64.203712969s  WARN lianli_devices::winusb::lcd::core: Read after h264 chunk failed: USB error: Operation timed out
Aug 23 10:30:42.256793 cachyos lianli-daemon[2428]:   64.912353854s DEBUG lianli_daemon::service::media: LCD candidate: HydroShift II LCD Square (1cbe:a034) id=hid:660b8008768a8302w (USB bulk)
Aug 23 10:30:43.256335 cachyos lianli-daemon[2428]:   65.911897720s DEBUG lianli_daemon::service::media: LCD candidate: HydroShift II LCD Square (1cbe:a034) id=hid:660b8008768a8302w (USB bulk)
Aug 23 10:30:43.555432 cachyos lianli-daemon[2428]:   66.210971191s  WARN lianli_devices::winusb::lcd::core: Read after h264 chunk failed: USB error: Operation timed out
Aug 23 10:30:44.256472 cachyos lianli-daemon[2428]:   66.912032594s DEBUG lianli_daemon::service::media: LCD candidate: HydroShift II LCD Square (1cbe:a034) id=hid:660b8008768a8302w (USB bulk)
Aug 23 10:30:45.256494 cachyos lianli-daemon[2428]:   67.912057073s DEBUG lianli_daemon::service::media: LCD candidate: HydroShift II LCD Square (1cbe:a034) id=hid:660b8008768a8302w (USB bulk)
Aug 23 10:30:45.612844 cachyos lianli-daemon[2428]:   68.268406957s  WARN lianli_devices::winusb::lcd::core: Read after h264 chunk failed: USB error: Operation timed out
Aug 23 10:30:46.256582 cachyos lianli-daemon[2428]:   68.912145301s DEBUG lianli_daemon::service::media: LCD candidate: HydroShift II LCD Square (1cbe:a034) id=hid:660b8008768a8302w (USB bulk)
Aug 23 10:30:47.256603 cachyos lianli-daemon[2428]:   69.912166383s DEBUG lianli_daemon::service::media: LCD candidate: HydroShift II LCD Square (1cbe:a034) id=hid:660b8008768a8302w (USB bulk)
Aug 23 10:30:47.620229 cachyos lianli-daemon[2428]:   70.275793466s  WARN lianli_devices::winusb::lcd::core: Read after h264 chunk failed: USB error: Operation timed out
Aug 23 10:30:48.256682 cachyos lianli-daemon[2428]:   70.912245506s DEBUG lianli_daemon::service::media: LCD candidate: HydroShift II LCD Square (1cbe:a034) id=hid:660b8008768a8302w (USB bulk)
Aug 23 10:30:49.256736 cachyos lianli-daemon[2428]:   71.912299558s DEBUG lianli_daemon::service::media: LCD candidate: HydroShift II LCD Square (1cbe:a034) id=hid:660b8008768a8302w (USB bulk)
Aug 23 10:30:49.627960 cachyos lianli-daemon[2428]:   72.283522837s  WARN lianli_devices::winusb::lcd::core: Read after h264 chunk failed: USB error: Operation timed out
Aug 23 10:30:50.257106 cachyos lianli-daemon[2428]:   72.912654826s DEBUG lianli_daemon::service::media: LCD candidate: HydroShift II LCD Square (1cbe:a034) id=hid:660b8008768a8302w (USB bulk)
Aug 23 10:30:51.256921 cachyos lianli-daemon[2428]:   73.912465341s DEBUG lianli_daemon::service::media: LCD candidate: HydroShift II LCD Square (1cbe:a034) id=hid:660b8008768a8302w (USB bulk)
Aug 23 10:30:51.635533 cachyos lianli-daemon[2428]:   74.291095925s  WARN lianli_devices::winusb::lcd::core: Read after h264 chunk failed: USB error: Operation timed out
Aug 23 10:30:52.256945 cachyos lianli-daemon[2428]:   74.912504431s DEBUG lianli_daemon::service::media: LCD candidate: HydroShift II LCD Square (1cbe:a034) id=hid:660b8008768a8302w (USB bulk)
Aug 23 10:30:53.257248 cachyos lianli-daemon[2428]:   75.912809266s DEBUG lianli_daemon::service::media: LCD candidate: HydroShift II LCD Square (1cbe:a034) id=hid:660b8008768a8302w (USB bulk)
Aug 23 10:30:53.692905 cachyos lianli-daemon[2428]:   76.348464999s  WARN lianli_devices::winusb::lcd::core: Read after h264 chunk failed: USB error: Operation timed out
Aug 23 10:30:54.257028 cachyos lianli-daemon[2428]:   76.912589419s DEBUG lianli_daemon::service::media: LCD candidate: HydroShift II LCD Square (1cbe:a034) id=hid:660b8008768a8302w (USB bulk)
Aug 23 10:30:55.257150 cachyos lianli-daemon[2428]:   77.912705439s DEBUG lianli_daemon::service::media: LCD candidate: HydroShift II LCD Square (1cbe:a034) id=hid:660b8008768a8302w (USB bulk)
Aug 23 10:30:55.700259 cachyos lianli-daemon[2428]:   78.355818199s  WARN lianli_devices::winusb::lcd::core: Read after h264 chunk failed: USB error: Operation timed out
Aug 23 10:30:56.257194 cachyos lianli-daemon[2428]:   78.912753019s DEBUG lianli_daemon::service::media: LCD candidate: HydroShift II LCD Square (1cbe:a034) id=hid:660b8008768a8302w (USB bulk)
Aug 23 10:30:57.257271 cachyos lianli-daemon[2428]:   79.912831872s DEBUG lianli_daemon::service::media: LCD candidate: HydroShift II LCD Square (1cbe:a034) id=hid:660b8008768a8302w (USB bulk)
Aug 23 10:30:57.707936 cachyos lianli-daemon[2428]:   80.363494520s  WARN lianli_devices::winusb::lcd::core: Read after h264 chunk failed: USB error: Operation timed out
Aug 23 10:30:58.257297 cachyos lianli-daemon[2428]:   80.912855800s DEBUG lianli_daemon::service::media: LCD candidate: HydroShift II LCD Square (1cbe:a034) id=hid:660b8008768a8302w (USB bulk)
Aug 23 10:30:59.257296 cachyos lianli-daemon[2428]:   81.912858378s DEBUG lianli_daemon::service::media: LCD candidate: HydroShift II LCD Square (1cbe:a034) id=hid:660b8008768a8302w (USB bulk)
Aug 23 10:30:59.715522 cachyos lianli-daemon[2428]:   82.371083504s  WARN lianli_devices::winusb::lcd::core: Read after h264 chunk failed: USB error: Operation timed out
Aug 23 10:31:00.257387 cachyos lianli-daemon[2428]:   82.912948058s DEBUG lianli_daemon::service::media: LCD candidate: HydroShift II LCD Square (1cbe:a034) id=hid:660b8008768a8302w (USB bulk)
Aug 23 10:31:01.257452 cachyos lianli-daemon[2428]:   83.913011195s DEBUG lianli_daemon::service::media: LCD candidate: HydroShift II LCD Square (1cbe:a034) id=hid:660b8008768a8302w (USB bulk)
Aug 23 10:31:01.723386 cachyos lianli-daemon[2428]:   84.378947341s  WARN lianli_devices::winusb::lcd::core: Read after h264 chunk failed: USB error: Operation timed out
Aug 23 10:31:02.257492 cachyos lianli-daemon[2428]:   84.913054923s DEBUG lianli_daemon::service::media: LCD candidate: HydroShift II LCD Square (1cbe:a034) id=hid:660b8008768a8302w (USB bulk)
