Aug 23 10:28:58 cachyos kernel: ACPI: SSDT 0x000000008A5E0000 00D214 (v02 AMD    DISCUSB4 00000002 INTL 20221020)
Aug 23 10:28:58 cachyos kernel: ACPI: USB4 _OSC: OS supports USB3+ DisplayPort+ PCIe+ XDomain+
Aug 23 10:28:58 cachyos kernel: ACPI: USB4 _OSC: OS controls USB3+ DisplayPort+ PCIe+ XDomain+
Aug 23 10:28:58 cachyos kernel: ACPI: bus type USB registered
Aug 23 10:28:58 cachyos kernel: usbcore: registered new interface driver usbfs
Aug 23 10:28:58 cachyos kernel: usbcore: registered new interface driver hub
Aug 23 10:28:58 cachyos kernel: usbcore: registered new device driver usb
Aug 23 10:28:58 cachyos kernel: xhci_hcd 0000:12:00.0: xHCI Host Controller
Aug 23 10:28:58 cachyos kernel: xhci_hcd 0000:12:00.0: new USB bus registered, assigned bus number 1
Aug 23 10:28:58 cachyos kernel: xhci_hcd 0000:12:00.0: hcc params 0x0200ef81 hci version 0x110 quirks 0x0000000000000010
Aug 23 10:28:58 cachyos kernel: xhci_hcd 0000:12:00.0: xHCI Host Controller
Aug 23 10:28:58 cachyos kernel: xhci_hcd 0000:12:00.0: new USB bus registered, assigned bus number 2
Aug 23 10:28:58 cachyos kernel: xhci_hcd 0000:12:00.0: Host supports USB 3.1 Enhanced SuperSpeed
Aug 23 10:28:58 cachyos kernel: usb usb1: New USB device found, idVendor=1d6b, idProduct=0002, bcdDevice= 7.01
Aug 23 10:28:58 cachyos kernel: usb usb1: New USB device strings: Mfr=3, Product=2, SerialNumber=1
Aug 23 10:28:58 cachyos kernel: usb usb1: Product: xHCI Host Controller
Aug 23 10:28:58 cachyos kernel: usb usb1: Manufacturer: Linux 7.1.6-1-cachyos xhci-hcd
Aug 23 10:28:58 cachyos kernel: usb usb1: SerialNumber: 0000:12:00.0
Aug 23 10:28:58 cachyos kernel: hub 1-0:1.0: USB hub found
Aug 23 10:28:58 cachyos kernel: usb usb2: We don't know the algorithms for LPM for this host, disabling LPM.
Aug 23 10:28:58 cachyos kernel: usb usb2: New USB device found, idVendor=1d6b, idProduct=0003, bcdDevice= 7.01
Aug 23 10:28:58 cachyos kernel: usb usb2: New USB device strings: Mfr=3, Product=2, SerialNumber=1
Aug 23 10:28:58 cachyos kernel: usb usb2: Product: xHCI Host Controller
Aug 23 10:28:58 cachyos kernel: usb usb2: Manufacturer: Linux 7.1.6-1-cachyos xhci-hcd
Aug 23 10:28:58 cachyos kernel: usb usb2: SerialNumber: 0000:12:00.0
Aug 23 10:28:58 cachyos kernel: hub 2-0:1.0: USB hub found
Aug 23 10:28:58 cachyos kernel: xhci_hcd 0000:14:00.0: xHCI Host Controller
Aug 23 10:28:58 cachyos kernel: xhci_hcd 0000:14:00.0: new USB bus registered, assigned bus number 3
Aug 23 10:28:58 cachyos kernel: xhci_hcd 0000:14:00.0: hcc params 0x0200ef81 hci version 0x110 quirks 0x0000000000000010
Aug 23 10:28:58 cachyos kernel: xhci_hcd 0000:14:00.0: xHCI Host Controller
Aug 23 10:28:58 cachyos kernel: xhci_hcd 0000:14:00.0: new USB bus registered, assigned bus number 4
Aug 23 10:28:58 cachyos kernel: xhci_hcd 0000:14:00.0: Host supports USB 3.2 Enhanced SuperSpeed
Aug 23 10:28:58 cachyos kernel: usb usb3: New USB device found, idVendor=1d6b, idProduct=0002, bcdDevice= 7.01
Aug 23 10:28:58 cachyos kernel: usb usb3: New USB device strings: Mfr=3, Product=2, SerialNumber=1
Aug 23 10:28:58 cachyos kernel: usb usb3: Product: xHCI Host Controller
Aug 23 10:28:58 cachyos kernel: usb usb3: Manufacturer: Linux 7.1.6-1-cachyos xhci-hcd
Aug 23 10:28:58 cachyos kernel: usb usb3: SerialNumber: 0000:14:00.0
Aug 23 10:28:58 cachyos kernel: hub 3-0:1.0: USB hub found
Aug 23 10:28:58 cachyos kernel: usb usb4: We don't know the algorithms for LPM for this host, disabling LPM.
Aug 23 10:28:58 cachyos kernel: usb usb4: New USB device found, idVendor=1d6b, idProduct=0003, bcdDevice= 7.01
Aug 23 10:28:58 cachyos kernel: usb usb4: New USB device strings: Mfr=3, Product=2, SerialNumber=1
Aug 23 10:28:58 cachyos kernel: usb usb4: Product: xHCI Host Controller
Aug 23 10:28:58 cachyos kernel: usb usb4: Manufacturer: Linux 7.1.6-1-cachyos xhci-hcd
Aug 23 10:28:58 cachyos kernel: usb usb4: SerialNumber: 0000:14:00.0
Aug 23 10:28:58 cachyos kernel: hub 4-0:1.0: USB hub found
Aug 23 10:28:58 cachyos kernel: xhci_hcd 0000:78:00.0: xHCI Host Controller
Aug 23 10:28:58 cachyos kernel: xhci_hcd 0000:78:00.0: new USB bus registered, assigned bus number 5
Aug 23 10:28:58 cachyos kernel: xhci_hcd 0000:78:00.0: hcc params 0x0200ef81 hci version 0x120 quirks 0x0000000200000010
Aug 23 10:28:58 cachyos kernel: xhci_hcd 0000:78:00.0: xHCI Host Controller
Aug 23 10:28:58 cachyos kernel: xhci_hcd 0000:78:00.0: new USB bus registered, assigned bus number 6
Aug 23 10:28:58 cachyos kernel: xhci_hcd 0000:78:00.0: Host supports USB 3.2 Enhanced SuperSpeed
Aug 23 10:28:58 cachyos kernel: usb usb5: New USB device found, idVendor=1d6b, idProduct=0002, bcdDevice= 7.01
Aug 23 10:28:58 cachyos kernel: usb usb5: New USB device strings: Mfr=3, Product=2, SerialNumber=1
Aug 23 10:28:58 cachyos kernel: usb usb5: Product: xHCI Host Controller
Aug 23 10:28:58 cachyos kernel: usb usb5: Manufacturer: Linux 7.1.6-1-cachyos xhci-hcd
Aug 23 10:28:58 cachyos kernel: usb usb5: SerialNumber: 0000:78:00.0
Aug 23 10:28:58 cachyos kernel: hub 5-0:1.0: USB hub found
Aug 23 10:28:58 cachyos kernel: usb usb6: We don't know the algorithms for LPM for this host, disabling LPM.
Aug 23 10:28:58 cachyos kernel: usb usb6: New USB device found, idVendor=1d6b, idProduct=0003, bcdDevice= 7.01
Aug 23 10:28:58 cachyos kernel: usb usb6: New USB device strings: Mfr=3, Product=2, SerialNumber=1
Aug 23 10:28:58 cachyos kernel: usb usb6: Product: xHCI Host Controller
Aug 23 10:28:58 cachyos kernel: usb usb6: Manufacturer: Linux 7.1.6-1-cachyos xhci-hcd
Aug 23 10:28:58 cachyos kernel: usb usb6: SerialNumber: 0000:78:00.0
Aug 23 10:28:58 cachyos kernel: hub 6-0:1.0: USB hub found
Aug 23 10:28:58 cachyos kernel: xhci_hcd 0000:7a:00.3: xHCI Host Controller
Aug 23 10:28:58 cachyos kernel: xhci_hcd 0000:7a:00.3: new USB bus registered, assigned bus number 7
Aug 23 10:28:58 cachyos kernel: xhci_hcd 0000:7a:00.3: hcc params 0x0120ffc5 hci version 0x120 quirks 0x0000000200000010
Aug 23 10:28:58 cachyos kernel: xhci_hcd 0000:7a:00.3: xHCI Host Controller
Aug 23 10:28:58 cachyos kernel: xhci_hcd 0000:7a:00.3: new USB bus registered, assigned bus number 8
Aug 23 10:28:58 cachyos kernel: xhci_hcd 0000:7a:00.3: Host supports USB 3.1 Enhanced SuperSpeed
Aug 23 10:28:58 cachyos kernel: usb usb7: New USB device found, idVendor=1d6b, idProduct=0002, bcdDevice= 7.01
Aug 23 10:28:58 cachyos kernel: usb usb7: New USB device strings: Mfr=3, Product=2, SerialNumber=1
Aug 23 10:28:58 cachyos kernel: usb usb7: Product: xHCI Host Controller
Aug 23 10:28:58 cachyos kernel: usb usb7: Manufacturer: Linux 7.1.6-1-cachyos xhci-hcd
Aug 23 10:28:58 cachyos kernel: usb usb7: SerialNumber: 0000:7a:00.3
Aug 23 10:28:58 cachyos kernel: hub 7-0:1.0: USB hub found
Aug 23 10:28:58 cachyos kernel: usb usb8: We don't know the algorithms for LPM for this host, disabling LPM.
Aug 23 10:28:58 cachyos kernel: usb usb8: New USB device found, idVendor=1d6b, idProduct=0003, bcdDevice= 7.01
Aug 23 10:28:58 cachyos kernel: usb usb8: New USB device strings: Mfr=3, Product=2, SerialNumber=1
Aug 23 10:28:58 cachyos kernel: usb usb8: Product: xHCI Host Controller
Aug 23 10:28:58 cachyos kernel: usb usb8: Manufacturer: Linux 7.1.6-1-cachyos xhci-hcd
Aug 23 10:28:58 cachyos kernel: usb usb8: SerialNumber: 0000:7a:00.3
Aug 23 10:28:58 cachyos kernel: hub 8-0:1.0: USB hub found
Aug 23 10:28:58 cachyos kernel: xhci_hcd 0000:7a:00.4: xHCI Host Controller
Aug 23 10:28:58 cachyos kernel: xhci_hcd 0000:7a:00.4: new USB bus registered, assigned bus number 9
Aug 23 10:28:58 cachyos kernel: xhci_hcd 0000:7a:00.4: hcc params 0x0120ffc5 hci version 0x120 quirks 0x0000000200000010
Aug 23 10:28:58 cachyos kernel: xhci_hcd 0000:7a:00.4: xHCI Host Controller
Aug 23 10:28:58 cachyos kernel: xhci_hcd 0000:7a:00.4: new USB bus registered, assigned bus number 10
Aug 23 10:28:58 cachyos kernel: xhci_hcd 0000:7a:00.4: Host supports USB 3.1 Enhanced SuperSpeed
Aug 23 10:28:58 cachyos kernel: usb usb9: New USB device found, idVendor=1d6b, idProduct=0002, bcdDevice= 7.01
Aug 23 10:28:58 cachyos kernel: usb usb9: New USB device strings: Mfr=3, Product=2, SerialNumber=1
Aug 23 10:28:58 cachyos kernel: usb usb9: Product: xHCI Host Controller
Aug 23 10:28:58 cachyos kernel: usb usb9: Manufacturer: Linux 7.1.6-1-cachyos xhci-hcd
Aug 23 10:28:58 cachyos kernel: usb usb9: SerialNumber: 0000:7a:00.4
Aug 23 10:28:58 cachyos kernel: hub 9-0:1.0: USB hub found
Aug 23 10:28:58 cachyos kernel: usb usb10: We don't know the algorithms for LPM for this host, disabling LPM.
Aug 23 10:28:58 cachyos kernel: usb usb10: New USB device found, idVendor=1d6b, idProduct=0003, bcdDevice= 7.01
Aug 23 10:28:58 cachyos kernel: usb usb10: New USB device strings: Mfr=3, Product=2, SerialNumber=1
Aug 23 10:28:58 cachyos kernel: usb usb10: Product: xHCI Host Controller
Aug 23 10:28:58 cachyos kernel: usb usb10: Manufacturer: Linux 7.1.6-1-cachyos xhci-hcd
Aug 23 10:28:58 cachyos kernel: usb usb10: SerialNumber: 0000:7a:00.4
Aug 23 10:28:58 cachyos kernel: hub 10-0:1.0: USB hub found
Aug 23 10:28:58 cachyos kernel: xhci_hcd 0000:7b:00.0: xHCI Host Controller
Aug 23 10:28:58 cachyos kernel: xhci_hcd 0000:7b:00.0: new USB bus registered, assigned bus number 11
Aug 23 10:28:58 cachyos kernel: xhci_hcd 0000:7b:00.0: USB0 root hub has no ports
Aug 23 10:28:58 cachyos kernel: xhci_hcd 0000:7b:00.0: hcc params 0x0110ffc5 hci version 0x120 quirks 0x0000000200000010
Aug 23 10:28:58 cachyos kernel: usb usb11: New USB device found, idVendor=1d6b, idProduct=0002, bcdDevice= 7.01
Aug 23 10:28:58 cachyos kernel: usb usb11: New USB device strings: Mfr=3, Product=2, SerialNumber=1
Aug 23 10:28:58 cachyos kernel: usb usb11: Product: xHCI Host Controller
Aug 23 10:28:58 cachyos kernel: usb usb11: Manufacturer: Linux 7.1.6-1-cachyos xhci-hcd
Aug 23 10:28:58 cachyos kernel: usb usb11: SerialNumber: 0000:7b:00.0
Aug 23 10:28:58 cachyos kernel: hub 11-0:1.0: USB hub found
Aug 23 10:28:58 cachyos kernel: usbcore: registered new interface driver usbserial_generic
Aug 23 10:28:58 cachyos kernel: usbserial: USB Serial support registered for generic
Aug 23 10:28:58 cachyos kernel: usbcore: registered new interface driver usbhid
Aug 23 10:28:58 cachyos kernel: usbhid: USB HID core driver
Aug 23 10:28:58 cachyos kernel: usb 1-7: new full-speed USB device number 2 using xhci_hcd
Aug 23 10:28:58 cachyos kernel: usb 3-4: new full-speed USB device number 2 using xhci_hcd
Aug 23 10:28:58 cachyos kernel: usb 1-7: New USB device found, idVendor=0db0, idProduct=0076, bcdDevice= 0.01
Aug 23 10:28:58 cachyos kernel: usb 1-7: New USB device strings: Mfr=1, Product=2, SerialNumber=3
Aug 23 10:28:58 cachyos kernel: usb 1-7: Product: MYSTIC LIGHT
Aug 23 10:28:58 cachyos kernel: usb 1-7: Manufacturer: MSI
Aug 23 10:28:58 cachyos kernel: usb 1-7: SerialNumber: 7E7025010901
Aug 23 10:28:58 cachyos kernel: hid-generic 0003:0DB0:0076.0001: hiddev96,hidraw0: USB HID v1.10 Device [MSI MYSTIC LIGHT] on usb-0000:12:00.0-7/input0
Aug 23 10:28:58 cachyos kernel: usb 3-4: New USB device found, idVendor=1038, idProduct=12ad, bcdDevice= 1.19
Aug 23 10:28:58 cachyos kernel: usb 3-4: New USB device strings: Mfr=4, Product=5, SerialNumber=0
Aug 23 10:28:58 cachyos kernel: usb 3-4: Product: SteelSeries Arctis 7
Aug 23 10:28:58 cachyos kernel: usb 3-4: Manufacturer: SteelSeries 
Aug 23 10:28:58 cachyos kernel: input: SteelSeries  SteelSeries Arctis 7 Consumer Control as /devices/pci0000:00/0000:00:02.1/0000:03:00.0/0000:04:0c.0/0000:14:00.0/usb3/3-4/3-4:1.5/0003:1038:12AD.0002/input/input2
Aug 23 10:28:58 cachyos kernel: input: SteelSeries  SteelSeries Arctis 7 as /devices/pci0000:00/0000:00:02.1/0000:03:00.0/0000:04:0c.0/0000:14:00.0/usb3/3-4/3-4:1.5/0003:1038:12AD.0002/input/input4
Aug 23 10:28:58 cachyos kernel: hid-generic 0003:1038:12AD.0002: input,hiddev97,hidraw1: USB HID v1.11 Device [SteelSeries  SteelSeries Arctis 7] on usb-0000:14:00.0-4/input5
Aug 23 10:28:58 cachyos kernel: usb 1-12: new high-speed USB device number 3 using xhci_hcd
Aug 23 10:28:58 cachyos kernel: usb 3-6: new full-speed USB device number 3 using xhci_hcd
Aug 23 10:28:58 cachyos kernel: usb 1-12: New USB device found, idVendor=1cbe, idProduct=a034, bcdDevice= 0.00
Aug 23 10:28:58 cachyos kernel: usb 1-12: New USB device strings: Mfr=1, Product=2, SerialNumber=3
Aug 23 10:28:58 cachyos kernel: usb 1-12: Product: lianli-H2S-1.7
Aug 23 10:28:58 cachyos kernel: usb 1-12: Manufacturer: LIANLI
Aug 23 10:28:58 cachyos kernel: usb 1-12: SerialNumber: 660b8008768a8302w
Aug 23 10:28:58 cachyos kernel: usb 3-6: New USB device found, idVendor=0489, idProduct=e10a, bcdDevice= 0.01
Aug 23 10:28:58 cachyos kernel: usb 3-6: New USB device strings: Mfr=0, Product=0, SerialNumber=0
Aug 23 10:28:58 cachyos kernel: usb 3-8: new full-speed USB device number 4 using xhci_hcd
Aug 23 10:28:58 cachyos kernel: usb 3-8: New USB device found, idVendor=19f5, idProduct=1028, bcdDevice= 0.00
Aug 23 10:28:58 cachyos kernel: usb 3-8: New USB device strings: Mfr=1, Product=2, SerialNumber=3
Aug 23 10:28:58 cachyos kernel: usb 3-8: Product: Air75 V3
Aug 23 10:28:58 cachyos kernel: usb 3-8: Manufacturer: NuPhy
Aug 23 10:28:58 cachyos kernel: usb 3-8: SerialNumber: NuPhy Keybord 0720
Aug 23 10:28:58 cachyos kernel: input: NuPhy Air75 V3 as /devices/pci0000:00/0000:00:02.1/0000:03:00.0/0000:04:0c.0/0000:14:00.0/usb3/3-8/3-8:1.0/0003:19F5:1028.0003/input/input5
Aug 23 10:28:58 cachyos kernel: hid-generic 0003:19F5:1028.0003: input,hidraw2: USB HID v1.11 Keyboard [NuPhy Air75 V3] on usb-0000:14:00.0-8/input0
Aug 23 10:28:58 cachyos kernel: input: NuPhy Air75 V3 as /devices/pci0000:00/0000:00:02.1/0000:03:00.0/0000:04:0c.0/0000:14:00.0/usb3/3-8/3-8:1.1/0003:19F5:1028.0004/input/input6
Aug 23 10:28:58 cachyos kernel: hid-generic 0003:19F5:1028.0004: input,hidraw3: USB HID v1.11 Keyboard [NuPhy Air75 V3] on usb-0000:14:00.0-8/input1
Aug 23 10:28:58 cachyos kernel: input: NuPhy Air75 V3 Mouse as /devices/pci0000:00/0000:00:02.1/0000:03:00.0/0000:04:0c.0/0000:14:00.0/usb3/3-8/3-8:1.2/0003:19F5:1028.0005/input/input7
Aug 23 10:28:58 cachyos kernel: input: NuPhy Air75 V3 System Control as /devices/pci0000:00/0000:00:02.1/0000:03:00.0/0000:04:0c.0/0000:14:00.0/usb3/3-8/3-8:1.2/0003:19F5:1028.0005/input/input8
Aug 23 10:28:58 cachyos kernel: input: NuPhy Air75 V3 Consumer Control as /devices/pci0000:00/0000:00:02.1/0000:03:00.0/0000:04:0c.0/0000:14:00.0/usb3/3-8/3-8:1.2/0003:19F5:1028.0005/input/input9
Aug 23 10:28:58 cachyos kernel: hid-generic 0003:19F5:1028.0005: input,hidraw4: USB HID v1.11 Mouse [NuPhy Air75 V3] on usb-0000:14:00.0-8/input2
Aug 23 10:28:58 cachyos kernel: input: NuPhy Air75 V3 as /devices/pci0000:00/0000:00:02.1/0000:03:00.0/0000:04:0c.0/0000:14:00.0/usb3/3-8/3-8:1.3/0003:19F5:1028.0006/input/input10
Aug 23 10:28:58 cachyos kernel: hid-generic 0003:19F5:1028.0006: input,hidraw5: USB HID v1.11 Device [NuPhy Air75 V3] on usb-0000:14:00.0-8/input3
Aug 23 10:28:58 cachyos kernel: usb 3-12: new high-speed USB device number 5 using xhci_hcd
Aug 23 10:28:58 cachyos kernel: usb 3-12: New USB device found, idVendor=1a86, idProduct=8091, bcdDevice=13.10
Aug 23 10:28:58 cachyos kernel: usb 3-12: New USB device strings: Mfr=0, Product=2, SerialNumber=0
Aug 23 10:28:58 cachyos kernel: usb 3-12: Product: USB HUB
Aug 23 10:28:58 cachyos kernel: hub 3-12:1.0: USB hub found
Aug 23 10:28:58 cachyos kernel: usb 3-12.2: new full-speed USB device number 6 using xhci_hcd
Aug 23 10:28:58 cachyos kernel: usb 3-12.2: New USB device found, idVendor=0416, idProduct=8041, bcdDevice= 0.00
Aug 23 10:28:58 cachyos kernel: usb 3-12.2: New USB device strings: Mfr=1, Product=2, SerialNumber=0
Aug 23 10:28:58 cachyos kernel: usb 3-12.2: Product: SLV3RX_V1.6
Aug 23 10:28:58 cachyos kernel: usb 3-12.2: Manufacturer: wch.cn
Aug 23 10:28:58 cachyos kernel: usb 3-12.3: new full-speed USB device number 7 using xhci_hcd
Aug 23 10:28:58 cachyos kernel: usb 3-12.3: New USB device found, idVendor=0416, idProduct=8040, bcdDevice= 0.00
Aug 23 10:28:58 cachyos kernel: usb 3-12.3: New USB device strings: Mfr=1, Product=2, SerialNumber=0
Aug 23 10:28:58 cachyos kernel: usb 3-12.3: Product: SLV3TX_V1.6
Aug 23 10:28:58 cachyos kernel: usb 3-12.3: Manufacturer: wch.cn
Aug 23 10:29:02 cachyos kernel: usbcore: registered new interface driver btusb
Aug 23 10:29:02 cachyos kernel: usb 3-4: 4:0: sticky mixer values (-16384/0/256 => 0), disabling
Aug 23 10:29:02 cachyos kernel: usb 3-4: 2:3: sticky mixer values (-16384/0/256 => 0), disabling
Aug 23 10:29:02 cachyos kernel: usbcore: registered new interface driver snd-usb-audio
